Archive member included to satisfy reference by file (symbol)

freertos/libfreertos.a(queue.c.obj)
                              CMakeFiles/main.dir/main.c.obj (xQueueGenericCreate)
freertos/libfreertos.a(tasks.c.obj)
                              CMakeFiles/main.dir/main.c.obj (xTaskCreate)
freertos/libfreertos.a(timers.c.obj)
                              freertos/libfreertos.a(tasks.c.obj) (xTimerCreateTimerTask)
freertos/libfreertos.a(heap_3.c.obj)
                              freertos/libfreertos.a(queue.c.obj) (pvPortMalloc)
freertos/libfreertos.a(port.c.obj)
                              freertos/libfreertos.a(tasks.c.obj) (pxPortInitialiseStack)
freertos/libfreertos.a(list.c.obj)
                              freertos/libfreertos.a(queue.c.obj) (vListInitialise)
components/controls/libcontrols.a(controls.c.obj)
                              CMakeFiles/main.dir/main.c.obj (buttons_pooling)
components/lcd/liblcd.a(lcd.c.obj)
                              CMakeFiles/main.dir/main.c.obj (send_to_lcd)
components/midi_usb/libmidi_usb.a(midi_usb.c.obj)
                              CMakeFiles/main.dir/main.c.obj (midi_send)
components/midi_usb/libmidi_usb.a(usb_descriptors.c.obj)
                              CMakeFiles/main.dir/home/bartosz/pico/pico-sdk/lib/tinyusb/src/device/usbd.c.obj (tud_descriptor_device_cb)
/usr/lib/gcc/arm-none-eabi/10.3.1/thumb/v6-m/nofp/libgcc.a(_dvmd_tls.o)
                              CMakeFiles/main.dir/home/bartosz/pico/pico-sdk/src/rp2_common/pico_divider/divider.S.obj (__aeabi_idiv0)
/usr/lib/gcc/arm-none-eabi/10.3.1/../../../arm-none-eabi/lib/thumb/v6-m/nofp/libc.a(lib_a-atexit.o)
                              /usr/lib/gcc/arm-none-eabi/10.3.1/../../../arm-none-eabi/lib/thumb/v6-m/nofp/crt0.o (atexit)
/usr/lib/gcc/arm-none-eabi/10.3.1/../../../arm-none-eabi/lib/thumb/v6-m/nofp/libc.a(lib_a-calloc.o)
                              CMakeFiles/main.dir/home/bartosz/pico/pico-sdk/src/rp2_common/pico_malloc/pico_malloc.c.obj (calloc)
/usr/lib/gcc/arm-none-eabi/10.3.1/../../../arm-none-eabi/lib/thumb/v6-m/nofp/libc.a(lib_a-callocr.o)
                              /usr/lib/gcc/arm-none-eabi/10.3.1/../../../arm-none-eabi/lib/thumb/v6-m/nofp/libc.a(lib_a-calloc.o) (_calloc_r)
/usr/lib/gcc/arm-none-eabi/10.3.1/../../../arm-none-eabi/lib/thumb/v6-m/nofp/libc.a(lib_a-fini.o)
                              /usr/lib/gcc/arm-none-eabi/10.3.1/../../../arm-none-eabi/lib/thumb/v6-m/nofp/crt0.o (__libc_fini_array)
/usr/lib/gcc/arm-none-eabi/10.3.1/../../../arm-none-eabi/lib/thumb/v6-m/nofp/libc.a(lib_a-impure.o)
                              /usr/lib/gcc/arm-none-eabi/10.3.1/../../../arm-none-eabi/lib/thumb/v6-m/nofp/libc.a(lib_a-calloc.o) (_impure_ptr)
/usr/lib/gcc/arm-none-eabi/10.3.1/../../../arm-none-eabi/lib/thumb/v6-m/nofp/libc.a(lib_a-init.o)
                              /usr/lib/gcc/arm-none-eabi/10.3.1/../../../arm-none-eabi/lib/thumb/v6-m/nofp/crt0.o (__libc_init_array)
/usr/lib/gcc/arm-none-eabi/10.3.1/../../../arm-none-eabi/lib/thumb/v6-m/nofp/libc.a(lib_a-itoa.o)
                              CMakeFiles/main.dir/main.c.obj (itoa)
/usr/lib/gcc/arm-none-eabi/10.3.1/../../../arm-none-eabi/lib/thumb/v6-m/nofp/libc.a(lib_a-malloc.o)
                              CMakeFiles/main.dir/home/bartosz/pico/pico-sdk/src/rp2_common/pico_malloc/pico_malloc.c.obj (malloc)
/usr/lib/gcc/arm-none-eabi/10.3.1/../../../arm-none-eabi/lib/thumb/v6-m/nofp/libc.a(lib_a-mallocr.o)
                              /usr/lib/gcc/arm-none-eabi/10.3.1/../../../arm-none-eabi/lib/thumb/v6-m/nofp/libc.a(lib_a-callocr.o) (_malloc_r)
/usr/lib/gcc/arm-none-eabi/10.3.1/../../../arm-none-eabi/lib/thumb/v6-m/nofp/libc.a(lib_a-mlock.o)
                              /usr/lib/gcc/arm-none-eabi/10.3.1/../../../arm-none-eabi/lib/thumb/v6-m/nofp/libc.a(lib_a-mallocr.o) (__malloc_lock)
/usr/lib/gcc/arm-none-eabi/10.3.1/../../../arm-none-eabi/lib/thumb/v6-m/nofp/libc.a(lib_a-realloc.o)
                              CMakeFiles/main.dir/home/bartosz/pico/pico-sdk/src/rp2_common/pico_malloc/pico_malloc.c.obj (realloc)
/usr/lib/gcc/arm-none-eabi/10.3.1/../../../arm-none-eabi/lib/thumb/v6-m/nofp/libc.a(lib_a-reallocr.o)
                              /usr/lib/gcc/arm-none-eabi/10.3.1/../../../arm-none-eabi/lib/thumb/v6-m/nofp/libc.a(lib_a-realloc.o) (_realloc_r)
/usr/lib/gcc/arm-none-eabi/10.3.1/../../../arm-none-eabi/lib/thumb/v6-m/nofp/libc.a(lib_a-sbrkr.o)
                              /usr/lib/gcc/arm-none-eabi/10.3.1/../../../arm-none-eabi/lib/thumb/v6-m/nofp/libc.a(lib_a-mallocr.o) (_sbrk_r)
/usr/lib/gcc/arm-none-eabi/10.3.1/../../../arm-none-eabi/lib/thumb/v6-m/nofp/libc.a(lib_a-strlen-stub.o)
                              CMakeFiles/main.dir/home/bartosz/pico/pico-sdk/src/rp2_common/pico_stdio/stdio.c.obj (strlen)
/usr/lib/gcc/arm-none-eabi/10.3.1/../../../arm-none-eabi/lib/thumb/v6-m/nofp/libc.a(lib_a-utoa.o)
[...]
Memory Configuration

Name             Origin             Length             Attributes
FLASH            0x0000000010000000 0x0000000000200000 xr
RAM              0x0000000020000000 0x0000000000040000 xrw
SCRATCH_X        0x0000000020040000 0x0000000000001000 xrw
SCRATCH_Y        0x0000000020041000 0x0000000000001000 xrw
*default*        0x0000000000000000 0xffffffffffffffff

Linker script and memory map

LOAD /usr/lib/gcc/arm-none-eabi/10.3.1/thumb/v6-m/nofp/crti.o
LOAD /usr/lib/gcc/arm-none-eabi/10.3.1/thumb/v6-m/nofp/crtbegin.o
LOAD /usr/lib/gcc/arm-none-eabi/10.3.1/../../../arm-none-eabi/lib/thumb/v6-m/nofp/crt0.o

.flash_begin    0x0000000010000000        0x0
                0x0000000010000000                __flash_binary_start = .

.boot2          0x0000000010000000      0x100
                0x0000000010000000                __boot2_start__ = .
 *(.boot2)
 .boot2         0x0000000010000000      0x100 /tmp/ccUofhH0.o
                0x0000000010000100                __boot2_end__ = .
                0x0000000000000001                ASSERT (((__boot2_end__ - __boot2_start__) == 0x100), ERROR: Pico second stage bootloader must be 256 bytes in size)

.text           0x0000000010000100     0x7880
                0x0000000010000100                __logical_binary_start = .
 *(.vectors)
 .vectors       0x0000000010000100       0xd4 CMakeFiles/main.dir/home/bartosz/pico/pico-sdk/src/rp2_common/pico_standard_link/crt0.S.obj
                0x0000000010000100                __vectors
                0x0000000010000100                __VECTOR_TABLE
                0x00000000100001c0                isr_invalid
                0x00000000100001c0                __default_isrs_start
                0x00000000100001c2                isr_nmi
                0x00000000100001c4                isr_hardfault
                0x00000000100001cc                isr_irq30
                0x00000000100001cc                __unhandled_user_irq
                0x00000000100001cc                isr_irq13
                0x00000000100001cc                isr_irq27
                0x00000000100001cc                isr_irq31
                0x00000000100001cc                isr_irq5
                0x00000000100001cc                isr_irq11
                0x00000000100001cc                isr_irq23
                0x00000000100001cc                isr_irq18
                0x00000000100001cc                isr_irq28
                0x00000000100001cc                isr_irq19
                0x00000000100001cc                isr_irq0
                0x00000000100001cc                isr_irq6
                0x00000000100001cc                isr_irq22
                0x00000000100001cc                isr_irq17
                0x00000000100001cc                isr_irq14
                0x00000000100001cc                isr_irq2
                0x00000000100001cc                isr_irq10
                0x00000000100001cc                isr_irq8
                0x00000000100001cc                isr_irq24
                0x00000000100001cc                isr_irq1
                0x00000000100001cc                isr_irq7
                0x00000000100001cc                isr_irq21
                0x00000000100001cc                isr_irq20
                0x00000000100001cc                isr_irq15
                0x00000000100001cc                isr_irq25
                0x00000000100001cc                isr_irq4
                0x00000000100001cc                isr_irq16
                0x00000000100001cc                isr_irq29
                0x00000000100001cc                isr_irq26
                0x00000000100001cc                __default_isrs_end
                0x00000000100001cc                isr_irq3
                0x00000000100001cc                isr_irq12
                0x00000000100001cc                isr_irq9
                0x00000000100001d2                unhandled_user_irq_num_in_r0
 *(.binary_info_header)
 .binary_info_header
                0x00000000100001d4       0x14 CMakeFiles/main.dir/home/bartosz/pico/pico-sdk/src/rp2_common/pico_standard_link/crt0.S.obj
                0x00000000100001e8                __binary_info_header_end = .
 *(.reset)
 .reset         0x00000000100001e8       0xa8 CMakeFiles/main.dir/home/bartosz/pico/pico-sdk/src/rp2_common/pico_standard_link/crt0.S.obj
                0x00000000100001e8                _entry_point
                0x0000000010000266                __get_current_exception
 .reset         0x0000000010000290       0x30 CMakeFiles/main.dir/home/bartosz/pico/pico-sdk/src/rp2_common/pico_standard_link/binary_info.c.obj
 *(.init)
 .init          0x00000000100002c0        0x4 /usr/lib/gcc/arm-none-eabi/10.3.1/thumb/v6-m/nofp/crti.o
                0x00000000100002c0                _init
 *(EXCLUDE_FILE(*libm.a: *libc.a:*lib_a-mem*.o *libgcc.a:) .text*)
 .text          0x00000000100002c4       0x98 /usr/lib/gcc/arm-none-eabi/10.3.1/thumb/v6-m/nofp/crtbegin.o
 .text.controlls_polling
                0x000000001000035c       0x44 CMakeFiles/main.dir/main.c.obj
                0x000000001000035c                controlls_polling
 .text.logic_controller
                0x00000000100003a0       0x38 CMakeFiles/main.dir/main.c.obj
                0x00000000100003a0                logic_controller
 .text.usb_task
                0x00000000100003d8        0x8 CMakeFiles/main.dir/main.c.obj
                0x00000000100003d8                usb_task
 .text.startup.main
                0x00000000100003e0       0x94 CMakeFiles/main.dir/main.c.obj
                0x00000000100003e0                main
 .text.gpio_set_function
                0x0000000010000474       0x30 CMakeFiles/main.dir/home/bartosz/pico/pico-sdk/src/rp2_common/hardware_gpio/gpio.c.obj
                0x0000000010000474                gpio_set_function
 .text.gpio_set_pulls
                0x00000000100004a4       0x30 CMakeFiles/main.dir/home/bartosz/pico/pico-sdk/src/rp2_common/hardware_gpio/gpio.c.obj
                0x00000000100004a4                gpio_set_pulls
 .text.gpio_init
                0x00000000100004d4       0x3c CMakeFiles/main.dir/home/bartosz/pico/pico-sdk/src/rp2_common/hardware_gpio/gpio.c.obj
                0x00000000100004d4                gpio_init
 .text.hw_claim_or_assert
                0x0000000010000510       0x44 CMakeFiles/main.dir/home/bartosz/pico/pico-sdk/src/rp2_common/hardware_claim/claim.c.obj
                0x0000000010000510                hw_claim_or_assert
 .text.running_on_fpga
                0x0000000010000554       0x10 CMakeFiles/main.dir/home/bartosz/pico/pico-sdk/src/rp2_common/pico_platform/platform.c.obj
                0x0000000010000554                running_on_fpga
 .text.spin_locks_reset
                0x0000000010000564       0x1c CMakeFiles/main.dir/home/bartosz/pico/pico-sdk/src/rp2_common/hardware_sync/sync.c.obj
                0x0000000010000564                spin_locks_reset
 .text.next_striped_spin_lock_num
                0x0000000010000580       0x18 CMakeFiles/main.dir/home/bartosz/pico/pico-sdk/src/rp2_common/hardware_sync/sync.c.obj
                0x0000000010000580                next_striped_spin_lock_num
 .text.irq_set_enabled
                0x0000000010000598       0x24 CMakeFiles/main.dir/home/bartosz/pico/pico-sdk/src/rp2_common/hardware_irq/irq.c.obj
                0x0000000010000598                irq_set_enabled
 .text.irq_get_vtable_handler
                0x00000000100005bc       0x10 CMakeFiles/main.dir/home/bartosz/pico/pico-sdk/src/rp2_common/hardware_irq/irq.c.obj
                0x00000000100005bc                irq_get_vtable_handler
 .text.irq_set_exclusive_handler
                0x00000000100005cc       0x54 CMakeFiles/main.dir/home/bartosz/pico/pico-sdk/src/rp2_common/hardware_irq/irq.c.obj
                0x00000000100005cc                irq_set_exclusive_handler
 .text.irq_remove_handler
                0x0000000010000620      0x1b4 CMakeFiles/main.dir/home/bartosz/pico/pico-sdk/src/rp2_common/hardware_irq/irq.c.obj
                0x0000000010000620                irq_remove_handler
 .text.irq_add_tail_to_free_list
                0x00000000100007d4       0xb4 CMakeFiles/main.dir/home/bartosz/pico/pico-sdk/src/rp2_common/hardware_irq/irq.c.obj
                0x00000000100007d4                irq_add_tail_to_free_list
 .text.irq_init_priorities
                0x0000000010000888       0x24 CMakeFiles/main.dir/home/bartosz/pico/pico-sdk/src/rp2_common/hardware_irq/irq.c.obj
                0x0000000010000888                irq_init_priorities
 .text.lock_init
                0x00000000100008ac       0x10 CMakeFiles/main.dir/home/bartosz/pico/pico-sdk/src/common/pico_sync/lock_core.c.obj
                0x00000000100008ac                lock_init
 .text.timer_pool_entry_comparator
                0x00000000100008bc       0x34 CMakeFiles/main.dir/home/bartosz/pico/pico-sdk/src/common/pico_time/time.c.obj
                0x00000000100008bc                timer_pool_entry_comparator
 .text.sleep_until_callback
                0x00000000100008f0       0x30 CMakeFiles/main.dir/home/bartosz/pico/pico-sdk/src/common/pico_time/time.c.obj
 .text.add_alarm_under_lock.isra.0
                0x0000000010000920      0x100 CMakeFiles/main.dir/home/bartosz/pico/pico-sdk/src/common/pico_time/time.c.obj
 .text.alarm_pool_alarm_callback
                0x0000000010000a20      0x1c8 CMakeFiles/main.dir/home/bartosz/pico/pico-sdk/src/common/pico_time/time.c.obj
 .text.alarm_pool_add_alarm_at.constprop.0
                0x0000000010000be8      0x11c CMakeFiles/main.dir/home/bartosz/pico/pico-sdk/src/common/pico_time/time.c.obj
 .text.alarm_pool_init_default
                0x0000000010000d04       0x64 CMakeFiles/main.dir/home/bartosz/pico/pico-sdk/src/common/pico_time/time.c.obj
                0x0000000010000d04                alarm_pool_init_default
 .text.best_effort_wfe_or_timeout
                0x0000000010000d68       0xd4 CMakeFiles/main.dir/home/bartosz/pico/pico-sdk/src/common/pico_time/time.c.obj
                0x0000000010000d68                best_effort_wfe_or_timeout
 .text.hardware_alarm_irq_handler
                0x0000000010000e3c       0xb8 CMakeFiles/main.dir/home/bartosz/pico/pico-sdk/src/rp2_common/hardware_timer/timer.c.obj
 .text.hardware_alarm_claim
                0x0000000010000ef4       0x18 CMakeFiles/main.dir/home/bartosz/pico/pico-sdk/src/rp2_common/hardware_timer/timer.c.obj
                0x0000000010000ef4                hardware_alarm_claim
 .text.time_us_64
                0x0000000010000f0c       0x14 CMakeFiles/main.dir/home/bartosz/pico/pico-sdk/src/rp2_common/hardware_timer/timer.c.obj
                0x0000000010000f0c                time_us_64
 .text.hardware_alarm_set_callback
                0x0000000010000f20       0x8c CMakeFiles/main.dir/home/bartosz/pico/pico-sdk/src/rp2_common/hardware_timer/timer.c.obj
                0x0000000010000f20                hardware_alarm_set_callback
 .text.hardware_alarm_set_target
                0x0000000010000fac       0xe0 CMakeFiles/main.dir/home/bartosz/pico/pico-sdk/src/rp2_common/hardware_timer/timer.c.obj
                0x0000000010000fac                hardware_alarm_set_target
 .text.hardware_alarm_cancel
                0x000000001000108c       0x3c CMakeFiles/main.dir/home/bartosz/pico/pico-sdk/src/rp2_common/hardware_timer/timer.c.obj
                0x000000001000108c                hardware_alarm_cancel
 .text.ph_merge_nodes
                0x00000000100010c8       0x68 CMakeFiles/main.dir/home/bartosz/pico/pico-sdk/src/common/pico_util/pheap.c.obj
 .text.ph_post_alloc_init
                0x0000000010001130       0x3c CMakeFiles/main.dir/home/bartosz/pico/pico-sdk/src/common/pico_util/pheap.c.obj
                0x0000000010001130                ph_post_alloc_init
 .text.ph_merge_two_pass
                0x000000001000116c       0x90 CMakeFiles/main.dir/home/bartosz/pico/pico-sdk/src/common/pico_util/pheap.c.obj
                0x000000001000116c                ph_merge_two_pass
 .text.ph_remove_any_head
                0x00000000100011fc       0xf8 CMakeFiles/main.dir/home/bartosz/pico/pico-sdk/src/common/pico_util/pheap.c.obj
 .text.ph_remove_head
                0x00000000100012f4       0xfc CMakeFiles/main.dir/home/bartosz/pico/pico-sdk/src/common/pico_util/pheap.c.obj
                0x00000000100012f4                ph_remove_head
 .text.ph_remove_and_free_node
                0x00000000100013f0       0x7c CMakeFiles/main.dir/home/bartosz/pico/pico-sdk/src/common/pico_util/pheap.c.obj
                0x00000000100013f0                ph_remove_and_free_node
 .text.mutex_init
                0x000000001000146c       0x1c CMakeFiles/main.dir/home/bartosz/pico/pico-sdk/src/common/pico_sync/mutex.c.obj
                0x000000001000146c                mutex_init
 .text.recursive_mutex_init
                0x0000000010001488       0x1c CMakeFiles/main.dir/home/bartosz/pico/pico-sdk/src/common/pico_sync/mutex.c.obj
                0x0000000010001488                recursive_mutex_init
 .text.uart_init
                0x00000000100014a4       0xe0 CMakeFiles/main.dir/home/bartosz/pico/pico-sdk/src/rp2_common/hardware_uart/uart.c.obj
                0x00000000100014a4                uart_init
 .text.runtime_init
                0x0000000010001584       0xf0 CMakeFiles/main.dir/home/bartosz/pico/pico-sdk/src/rp2_common/pico_runtime/runtime.c.obj
                0x0000000010001584                runtime_init
 .text._sbrk    0x0000000010001674       0x34 CMakeFiles/main.dir/home/bartosz/pico/pico-sdk/src/rp2_common/pico_runtime/runtime.c.obj
                0x0000000010001674                _sbrk
 .text.exit     0x00000000100016a8        0x4 CMakeFiles/main.dir/home/bartosz/pico/pico-sdk/src/rp2_common/pico_runtime/runtime.c.obj
                0x00000000100016a8                exit
 .text.panic    0x00000000100016ac       0x30 CMakeFiles/main.dir/home/bartosz/pico/pico-sdk/src/rp2_common/pico_runtime/runtime.c.obj
                0x00000000100016ac                panic
 .text.hard_assertion_failure
                0x00000000100016dc        0xc CMakeFiles/main.dir/home/bartosz/pico/pico-sdk/src/rp2_common/pico_runtime/runtime.c.obj
                0x00000000100016dc                hard_assertion_failure
 .text.clocks_init
                0x00000000100016e8      0x2bc CMakeFiles/main.dir/home/bartosz/pico/pico-sdk/src/rp2_common/hardware_clocks/clocks.c.obj
                0x00000000100016e8                clocks_init
 .text.clock_get_hz
                0x00000000100019a4        0xc CMakeFiles/main.dir/home/bartosz/pico/pico-sdk/src/rp2_common/hardware_clocks/clocks.c.obj
                0x00000000100019a4                clock_get_hz
 .text.pll_init
                0x00000000100019b0       0xb0 CMakeFiles/main.dir/home/bartosz/pico/pico-sdk/src/rp2_common/hardware_pll/pll.c.obj
                0x00000000100019b0                pll_init
 .text.watchdog_start_tick
                0x0000000010001a60       0x10 CMakeFiles/main.dir/home/bartosz/pico/pico-sdk/src/rp2_common/hardware_watchdog/watchdog.c.obj
                0x0000000010001a60                watchdog_start_tick
 .text.xosc_init
                0x0000000010001a70       0x28 CMakeFiles/main.dir/home/bartosz/pico/pico-sdk/src/rp2_common/hardware_xosc/xosc.c.obj
                0x0000000010001a70                xosc_init
 .text._out_char
                0x0000000010001a98       0x10 CMakeFiles/main.dir/home/bartosz/pico/pico-sdk/src/rp2_common/pico_printf/printf.c.obj
 .text.weak_raw_vprintf
                0x0000000010001aa8       0x30 CMakeFiles/main.dir/home/bartosz/pico/pico-sdk/src/rp2_common/pico_printf/printf.c.obj
                0x0000000010001aa8                weak_raw_vprintf
 .text          0x0000000010001ad8       0x10 CMakeFiles/main.dir/home/bartosz/pico/pico-sdk/src/rp2_common/pico_bit_ops/bit_ops_aeabi.S.obj
 .text.rom_func_lookup
                0x0000000010001ae8       0x10 CMakeFiles/main.dir/home/bartosz/pico/pico-sdk/src/rp2_common/pico_bootrom/bootrom.c.obj
                0x0000000010001ae8                rom_func_lookup
 .text.rom_data_lookup
                0x0000000010001af8       0x10 CMakeFiles/main.dir/home/bartosz/pico/pico-sdk/src/rp2_common/pico_bootrom/bootrom.c.obj
                0x0000000010001af8                rom_data_lookup
 .text.rom_funcs_lookup
                0x0000000010001b08       0x44 CMakeFiles/main.dir/home/bartosz/pico/pico-sdk/src/rp2_common/pico_bootrom/bootrom.c.obj
                0x0000000010001b08                rom_funcs_lookup
 .text.__wrap___aeabi_uidiv
                0x0000000010001b4c       0x4c CMakeFiles/main.dir/home/bartosz/pico/pico-sdk/src/rp2_common/pico_divider/divider.S.obj
                0x0000000010001b4c                __wrap___aeabi_uidiv
                0x0000000010001b4c                __wrap___aeabi_uidivmod
                0x0000000010001b4c                div_u32u32
                0x0000000010001b4c                divmod_u32u32
                0x0000000010001b54                divmod_u32u32_unsafe
                0x0000000010001b7c                divmod_u32u32_savestate
 .text.__aeabi_double_init
                0x0000000010001b98       0x94 CMakeFiles/main.dir/home/bartosz/pico/pico-sdk/src/rp2_common/pico_double/double_init_rom.c.obj
                0x0000000010001b98                __aeabi_double_init
 .text.double_table_shim_on_use_helper
                0x0000000010001c2c       0x2c CMakeFiles/main.dir/home/bartosz/pico/pico-sdk/src/rp2_common/pico_double/double_v1_rom_shim.S.obj
                0x0000000010001c2c                double_table_shim_on_use_helper
 .text.__aeabi_lmul
                0x0000000010001c58       0x32 CMakeFiles/main.dir/home/bartosz/pico/pico-sdk/src/rp2_common/pico_int64_ops/pico_int64_ops_aeabi.S.obj
                0x0000000010001c58                __wrap___aeabi_lmul
 *fill*         0x0000000010001c8a        0x2 
 .text.__aeabi_float_init
                0x0000000010001c8c       0x64 CMakeFiles/main.dir/home/bartosz/pico/pico-sdk/src/rp2_common/pico_float/float_init_rom.c.obj
                0x0000000010001c8c                __aeabi_float_init
 .text.float_table_shim_on_use_helper
                0x0000000010001cf0       0x2c CMakeFiles/main.dir/home/bartosz/pico/pico-sdk/src/rp2_common/pico_float/float_v1_rom_shim.S.obj
                0x0000000010001cf0                float_table_shim_on_use_helper
 .text.__wrap_malloc
                0x0000000010001d1c       0x24 CMakeFiles/main.dir/home/bartosz/pico/pico-sdk/src/rp2_common/pico_malloc/pico_malloc.c.obj
                0x0000000010001d1c                __wrap_malloc
 .text.__wrap_free
                0x0000000010001d40        0x8 CMakeFiles/main.dir/home/bartosz/pico/pico-sdk/src/rp2_common/pico_malloc/pico_malloc.c.obj
                0x0000000010001d40                __wrap_free
 .text          0x0000000010001d48       0x10 CMakeFiles/main.dir/home/bartosz/pico/pico-sdk/src/rp2_common/pico_mem_ops/mem_ops_aeabi.S.obj
                0x0000000010001d48                __aeabi_mem_init
 .text.memset   0x0000000010001d58        0xc CMakeFiles/main.dir/home/bartosz/pico/pico-sdk/src/rp2_common/pico_mem_ops/mem_ops_aeabi.S.obj
                0x0000000010001d58                __wrap_memset
 .text.memcpy   0x0000000010001d64        0xc CMakeFiles/main.dir/home/bartosz/pico/pico-sdk/src/rp2_common/pico_mem_ops/mem_ops_aeabi.S.obj
                0x0000000010001d64                __wrap___aeabi_memcpy
                0x0000000010001d64                __wrap_memcpy
 .text.stdio_out_chars_no_crlf
                0x0000000010001d70       0x10 CMakeFiles/main.dir/home/bartosz/pico/pico-sdk/src/rp2_common/pico_stdio/stdio.c.obj
 .text.stdio_out_chars_crlf
                0x0000000010001d80       0xb4 CMakeFiles/main.dir/home/bartosz/pico/pico-sdk/src/rp2_common/pico_stdio/stdio.c.obj
 .text.stdio_put_string.isra.0
                0x0000000010001e34       0xfc CMakeFiles/main.dir/home/bartosz/pico/pico-sdk/src/rp2_common/pico_stdio/stdio.c.obj
 .text.__wrap_putchar
                0x0000000010001f30       0xa0 CMakeFiles/main.dir/home/bartosz/pico/pico-sdk/src/rp2_common/pico_stdio/stdio.c.obj
                0x0000000010001f30                __wrap_putchar
 .text.__wrap_puts
                0x0000000010001fd0       0x3c CMakeFiles/main.dir/home/bartosz/pico/pico-sdk/src/rp2_common/pico_stdio/stdio.c.obj
                0x0000000010001fd0                __wrap_puts
 .text.stdio_set_driver_enabled
                0x000000001000200c       0x30 CMakeFiles/main.dir/home/bartosz/pico/pico-sdk/src/rp2_common/pico_stdio/stdio.c.obj
                0x000000001000200c                stdio_set_driver_enabled
 .text.stdio_init_all
                0x000000001000203c        0x8 CMakeFiles/main.dir/home/bartosz/pico/pico-sdk/src/rp2_common/pico_stdio/stdio.c.obj
                0x000000001000203c                stdio_init_all
 .text.stdio_uart_out_chars
                0x0000000010002044       0x4c CMakeFiles/main.dir/home/bartosz/pico/pico-sdk/src/rp2_common/pico_stdio_uart/stdio_uart.c.obj
 .text.stdio_uart_in_chars
                0x0000000010002090       0x38 CMakeFiles/main.dir/home/bartosz/pico/pico-sdk/src/rp2_common/pico_stdio_uart/stdio_uart.c.obj
                0x0000000010002090                stdio_uart_in_chars
 .text.stdio_uart_init
                0x00000000100020c8       0x48 CMakeFiles/main.dir/home/bartosz/pico/pico-sdk/src/rp2_common/pico_stdio_uart/stdio_uart.c.obj
                0x00000000100020c8                stdio_uart_init
 .text.i2c_set_baudrate
                0x0000000010002110       0xc4 CMakeFiles/main.dir/home/bartosz/pico/pico-sdk/src/rp2_common/hardware_i2c/i2c.c.obj
                0x0000000010002110                i2c_set_baudrate
 .text.i2c_init
                0x00000000100021d4       0x54 CMakeFiles/main.dir/home/bartosz/pico/pico-sdk/src/rp2_common/hardware_i2c/i2c.c.obj
                0x00000000100021d4                i2c_init
 .text.i2c_write_blocking
                0x0000000010002228       0xd0 CMakeFiles/main.dir/home/bartosz/pico/pico-sdk/src/rp2_common/hardware_i2c/i2c.c.obj
                0x0000000010002228                i2c_write_blocking
 .text.dcd_set_address
                0x00000000100022f8       0x14 CMakeFiles/main.dir/home/bartosz/pico/pico-sdk/lib/tinyusb/src/portable/raspberrypi/rp2040/dcd_rp2040.c.obj
                0x00000000100022f8                dcd_set_address
 .text.dcd_edpt0_status_complete
                0x000000001000230c       0x1c CMakeFiles/main.dir/home/bartosz/pico/pico-sdk/lib/tinyusb/src/portable/raspberrypi/rp2040/dcd_rp2040.c.obj
                0x000000001000230c                dcd_edpt0_status_complete
 .text.dcd_edpt_open
                0x0000000010002328       0xf0 CMakeFiles/main.dir/home/bartosz/pico/pico-sdk/lib/tinyusb/src/portable/raspberrypi/rp2040/dcd_rp2040.c.obj
                0x0000000010002328                dcd_edpt_open
 .text.dcd_edpt_close_all
                0x0000000010002418       0xbc CMakeFiles/main.dir/home/bartosz/pico/pico-sdk/lib/tinyusb/src/portable/raspberrypi/rp2040/dcd_rp2040.c.obj
                0x0000000010002418                dcd_edpt_close_all
 .text.dcd_edpt_xfer
                0x00000000100024d4       0x24 CMakeFiles/main.dir/home/bartosz/pico/pico-sdk/lib/tinyusb/src/portable/raspberrypi/rp2040/dcd_rp2040.c.obj
                0x00000000100024d4                dcd_edpt_xfer
 .text.dcd_edpt_stall
                0x00000000100024f8       0x38 CMakeFiles/main.dir/home/bartosz/pico/pico-sdk/lib/tinyusb/src/portable/raspberrypi/rp2040/dcd_rp2040.c.obj
                0x00000000100024f8                dcd_edpt_stall
 .text.dcd_edpt_clear_stall
                0x0000000010002530       0x30 CMakeFiles/main.dir/home/bartosz/pico/pico-sdk/lib/tinyusb/src/portable/raspberrypi/rp2040/dcd_rp2040.c.obj
                0x0000000010002530                dcd_edpt_clear_stall
 .text._hw_endpoint_buffer_control_update32.part.0.isra.0
                0x0000000010002560       0x1c CMakeFiles/main.dir/home/bartosz/pico/pico-sdk/lib/tinyusb/src/portable/raspberrypi/rp2040/rp2040_usb.c.obj
 .text._hw_endpoint_buffer_control_update32
                0x000000001000257c       0x44 CMakeFiles/main.dir/home/bartosz/pico/pico-sdk/lib/tinyusb/src/portable/raspberrypi/rp2040/rp2040_usb.c.obj
                0x000000001000257c                _hw_endpoint_buffer_control_update32
 .text.hw_endpoint_xfer_start
                0x00000000100025c0      0x138 CMakeFiles/main.dir/home/bartosz/pico/pico-sdk/lib/tinyusb/src/portable/raspberrypi/rp2040/rp2040_usb.c.obj
                0x00000000100025c0                hw_endpoint_xfer_start
 .text.tud_inited
                0x00000000100026f8        0xc CMakeFiles/main.dir/home/bartosz/pico/pico-sdk/lib/tinyusb/src/device/usbd.c.obj
                0x00000000100026f8                tud_inited
 .text.tud_task
                0x0000000010002704      0x8ec CMakeFiles/main.dir/home/bartosz/pico/pico-sdk/lib/tinyusb/src/device/usbd.c.obj
                0x0000000010002704                tud_task
 .text.usbd_edpt_open
                0x0000000010002ff0       0x30 CMakeFiles/main.dir/home/bartosz/pico/pico-sdk/lib/tinyusb/src/device/usbd.c.obj
                0x0000000010002ff0                usbd_edpt_open
 .text.usbd_edpt_claim
                0x0000000010003020       0x64 CMakeFiles/main.dir/home/bartosz/pico/pico-sdk/lib/tinyusb/src/device/usbd.c.obj
                0x0000000010003020                usbd_edpt_claim
 .text.usbd_edpt_release
                0x0000000010003084       0x4c CMakeFiles/main.dir/home/bartosz/pico/pico-sdk/lib/tinyusb/src/device/usbd.c.obj
                0x0000000010003084                usbd_edpt_release
 .text.usbd_edpt_xfer
                0x00000000100030d0       0x48 CMakeFiles/main.dir/home/bartosz/pico/pico-sdk/lib/tinyusb/src/device/usbd.c.obj
                0x00000000100030d0                usbd_edpt_xfer
 .text.tud_control_status
                0x0000000010003118       0x30 CMakeFiles/main.dir/home/bartosz/pico/pico-sdk/lib/tinyusb/src/device/usbd_control.c.obj
                0x0000000010003118                tud_control_status
 .text.tud_control_xfer
                0x0000000010003148       0xbc CMakeFiles/main.dir/home/bartosz/pico/pico-sdk/lib/tinyusb/src/device/usbd_control.c.obj
                0x0000000010003148                tud_control_xfer
 .text.usbd_control_reset
                0x0000000010003204       0x14 CMakeFiles/main.dir/home/bartosz/pico/pico-sdk/lib/tinyusb/src/device/usbd_control.c.obj
                0x0000000010003204                usbd_control_reset
 .text.usbd_control_set_complete_callback
                0x0000000010003218        0xc CMakeFiles/main.dir/home/bartosz/pico/pico-sdk/lib/tinyusb/src/device/usbd_control.c.obj
                0x0000000010003218                usbd_control_set_complete_callback
 .text.usbd_control_set_request
                0x0000000010003224       0x1c CMakeFiles/main.dir/home/bartosz/pico/pico-sdk/lib/tinyusb/src/device/usbd_control.c.obj
                0x0000000010003224                usbd_control_set_request
 .text.usbd_control_xfer_cb
                0x0000000010003240       0xfc CMakeFiles/main.dir/home/bartosz/pico/pico-sdk/lib/tinyusb/src/device/usbd_control.c.obj
                0x0000000010003240                usbd_control_xfer_cb
 .text.tud_midi_n_available
                0x000000001000333c       0x24 CMakeFiles/main.dir/home/bartosz/pico/pico-sdk/lib/tinyusb/src/class/midi/midi_device.c.obj
                0x000000001000333c                tud_midi_n_available
 .text.tud_midi_n_packet_read
                0x0000000010003360       0x7c CMakeFiles/main.dir/home/bartosz/pico/pico-sdk/lib/tinyusb/src/class/midi/midi_device.c.obj
                0x0000000010003360                tud_midi_n_packet_read
 .text.tud_midi_n_stream_write
                0x00000000100033dc      0x1b0 CMakeFiles/main.dir/home/bartosz/pico/pico-sdk/lib/tinyusb/src/class/midi/midi_device.c.obj
                0x00000000100033dc                tud_midi_n_stream_write
 .text.midid_init
                0x000000001000358c       0x5c CMakeFiles/main.dir/home/bartosz/pico/pico-sdk/lib/tinyusb/src/class/midi/midi_device.c.obj
                0x000000001000358c                midid_init
 .text.midid_reset
                0x00000000100035e8       0x24 CMakeFiles/main.dir/home/bartosz/pico/pico-sdk/lib/tinyusb/src/class/midi/midi_device.c.obj
                0x00000000100035e8                midid_reset
 .text.midid_open
                0x000000001000360c      0x128 CMakeFiles/main.dir/home/bartosz/pico/pico-sdk/lib/tinyusb/src/class/midi/midi_device.c.obj
                0x000000001000360c                midid_open
 .text.midid_control_xfer_cb
                0x0000000010003734        0x4 CMakeFiles/main.dir/home/bartosz/pico/pico-sdk/lib/tinyusb/src/class/midi/midi_device.c.obj
                0x0000000010003734                midid_control_xfer_cb
 .text.midid_xfer_cb
                0x0000000010003738      0x108 CMakeFiles/main.dir/home/bartosz/pico/pico-sdk/lib/tinyusb/src/class/midi/midi_device.c.obj
                0x0000000010003738                midid_xfer_cb
 .text.tusb_inited
                0x0000000010003840        0x8 CMakeFiles/main.dir/home/bartosz/pico/pico-sdk/lib/tinyusb/src/tusb.c.obj
                0x0000000010003840                tusb_inited
 .text.tu_edpt_validate
                0x0000000010003848       0x78 CMakeFiles/main.dir/home/bartosz/pico/pico-sdk/lib/tinyusb/src/tusb.c.obj
                0x0000000010003848                tu_edpt_validate
 .text.tu_edpt_bind_driver
                0x00000000100038c0       0x2c CMakeFiles/main.dir/home/bartosz/pico/pico-sdk/lib/tinyusb/src/tusb.c.obj
                0x00000000100038c0                tu_edpt_bind_driver
 .text.tu_fifo_config
                0x00000000100038ec       0x78 CMakeFiles/main.dir/home/bartosz/pico/pico-sdk/lib/tinyusb/src/common/tusb_fifo.c.obj
                0x00000000100038ec                tu_fifo_config
 .text.tu_fifo_count
                0x0000000010003964       0x20 CMakeFiles/main.dir/home/bartosz/pico/pico-sdk/lib/tinyusb/src/common/tusb_fifo.c.obj
                0x0000000010003964                tu_fifo_count
 .text.tu_fifo_remaining
                0x0000000010003984       0x1c CMakeFiles/main.dir/home/bartosz/pico/pico-sdk/lib/tinyusb/src/common/tusb_fifo.c.obj
                0x0000000010003984                tu_fifo_remaining
 .text.tu_fifo_read
                0x00000000100039a0       0x9c CMakeFiles/main.dir/home/bartosz/pico/pico-sdk/lib/tinyusb/src/common/tusb_fifo.c.obj
                0x00000000100039a0                tu_fifo_read
 .text.tu_fifo_read_n
                0x0000000010003a3c      0x100 CMakeFiles/main.dir/home/bartosz/pico/pico-sdk/lib/tinyusb/src/common/tusb_fifo.c.obj
                0x0000000010003a3c                tu_fifo_read_n
 .text.tu_fifo_write_n
                0x0000000010003b3c      0x100 CMakeFiles/main.dir/home/bartosz/pico/pico-sdk/lib/tinyusb/src/common/tusb_fifo.c.obj
                0x0000000010003b3c                tu_fifo_write_n
 .text.tu_fifo_clear
                0x0000000010003c3c       0x4c CMakeFiles/main.dir/home/bartosz/pico/pico-sdk/lib/tinyusb/src/common/tusb_fifo.c.obj
                0x0000000010003c3c                tu_fifo_clear
 .text          0x0000000010003c88     0x11fc freertos/libfreertos.a(queue.c.obj)
                0x0000000010003c88                xQueueGenericReset
                0x0000000010003d28                xQueueGenericCreate
                0x0000000010003dc0                xQueueGenericSend
                0x00000000100040d8                xQueueGenericSendFromISR
                0x00000000100041f0                xQueueGiveFromISR
                0x000000001000425c                xQueueReceive
                0x00000000100044fc                xQueueSemaphoreTake
                0x0000000010004780                xQueuePeek
                0x0000000010004a1c                xQueueReceiveFromISR
                0x0000000010004aac                xQueuePeekFromISR
                0x0000000010004aec                uxQueueMessagesWaiting
                0x0000000010004b00                uxQueueSpacesAvailable
                0x0000000010004b18                uxQueueMessagesWaitingFromISR
                0x0000000010004b1c                vQueueDelete
                0x0000000010004b9c                xQueueIsQueueEmptyFromISR
                0x0000000010004ba4                xQueueIsQueueFullFromISR
                0x0000000010004bb0                vQueueAddToRegistry
                0x0000000010004cc8                pcQueueGetName
                0x0000000010004d3c                vQueueUnregisterQueue
                0x0000000010004db4                vQueueWaitForMessageRestricted
 .text          0x0000000010004e84     0x1530 freertos/libfreertos.a(tasks.c.obj)
                0x0000000010005060                xTaskCreate
                0x000000001000528c                vTaskDelete
                0x0000000010005324                uxTaskPriorityGet
                0x0000000010005344                uxTaskPriorityGetFromISR
                0x0000000010005364                vTaskPrioritySet
                0x0000000010005420                vTaskSuspend
                0x0000000010005560                vTaskResume
                0x00000000100055e4                xTaskResumeFromISR
                0x0000000010005684                vTaskStartScheduler
                0x00000000100057f0                vTaskEndScheduler
                0x0000000010005804                vTaskSuspendAll
                0x0000000010005814                xTaskResumeAll
                0x0000000010005948                xTaskDelayUntil
                0x00000000100059c4                vTaskDelay
                0x0000000010005a18                xTaskGetTickCount
                0x0000000010005a24                xTaskGetTickCountFromISR
                0x0000000010005a30                uxTaskGetNumberOfTasks
                0x0000000010005a3c                pcTaskGetName
                0x0000000010005a50                xTaskCatchUpTicks
                0x0000000010005a7c                xTaskIncrementTick
                0x0000000010005aa0                vTaskSwitchContext
                0x0000000010005b44                vTaskPlaceOnEventList
                0x0000000010005bb8                vTaskPlaceOnUnorderedEventList
                0x0000000010005c54                vTaskPlaceOnEventListRestricted
                0x0000000010005cf0                xTaskRemoveFromEventList
                0x0000000010005db8                vTaskRemoveFromUnorderedEventList
                0x0000000010005e4c                vTaskSetTimeOutState
                0x0000000010005e68                vTaskInternalSetTimeOutState
                0x0000000010005e78                xTaskCheckForTimeOut
                0x0000000010005ec8                vTaskMissedYield
                0x0000000010005ed4                vTaskSetThreadLocalStoragePointer
                0x0000000010005ef0                pvTaskGetThreadLocalStoragePointer
                0x0000000010005f10                xTaskGetCurrentTaskHandle
                0x0000000010005f1c                xTaskGetSchedulerState
                0x0000000010005f34                uxTaskResetEventItemValue
                0x0000000010005f4c                ulTaskGenericNotifyTake
                0x0000000010005fc8                xTaskGenericNotifyWait
                0x0000000010006064                xTaskGenericNotify
                0x000000001000614c                xTaskGenericNotifyFromISR
                0x0000000010006274                vTaskGenericNotifyGiveFromISR
                0x0000000010006354                xTaskGenericNotifyStateClear
                0x0000000010006384                ulTaskGenericNotifyValueClear
 .text          0x00000000100063b4      0x534 freertos/libfreertos.a(timers.c.obj)
                0x00000000100066cc                xTimerCreateTimerTask
                0x0000000010006740                xTimerCreate
                0x00000000100067e8                xTimerGenericCommand
                0x000000001000683c                xTimerGetTimerDaemonTaskHandle
                0x0000000010006848                xTimerGetPeriod
                0x000000001000684c                vTimerSetReloadMode
                0x0000000010006870                xTimerGetReloadMode
                0x0000000010006888                uxTimerGetReloadMode
                0x00000000100068a0                xTimerGetExpiryTime
                0x00000000100068a4                pcTimerGetName
                0x00000000100068a8                xTimerIsTimerActive
                0x00000000100068c0                pvTimerGetTimerID
                0x00000000100068d4                vTimerSetTimerID
 .text          0x00000000100068e8       0x30 freertos/libfreertos.a(heap_3.c.obj)
                0x00000000100068e8                pvPortMalloc
                0x0000000010006900                vPortFree
 *fill*         0x0000000010006918        0x8 
 .text          0x0000000010006920      0x194 freertos/libfreertos.a(port.c.obj)
                0x0000000010006964                pxPortInitialiseStack
                0x0000000010006984                isr_svcall
                0x0000000010006988                vPortEndScheduler
                0x000000001000698c                vPortYield
                0x00000000100069a4                vPortEnterCritical
                0x00000000100069bc                vPortExitCritical
                0x00000000100069d0                ulSetInterruptMaskFromISR
                0x00000000100069d8                vClearInterruptMaskFromISR
                0x00000000100069e0                isr_pendsv
                0x0000000010006a24                isr_systick
                0x0000000010006a48                vPortSetupTimerInterrupt
                0x0000000010006a70                xPortStartScheduler
 .text          0x0000000010006ab4       0x8c freertos/libfreertos.a(list.c.obj)
                0x0000000010006ab4                vListInitialise
                0x0000000010006acc                vListInitialiseItem
                0x0000000010006ad4                vListInsertEnd
                0x0000000010006aec                vListInsert
                0x0000000010006b1c                uxListRemove
 .text.buttons_pooling
                0x0000000010006b40      0x260 components/controls/libcontrols.a(controls.c.obj)
                0x0000000010006b40                buttons_pooling
 .text.buttons_init
                0x0000000010006da0       0x30 components/controls/libcontrols.a(controls.c.obj)
                0x0000000010006da0                buttons_init
 .text.send_to_lcd
                0x0000000010006dd0       0x5c components/lcd/liblcd.a(lcd.c.obj)
                0x0000000010006dd0                send_to_lcd
 .text.lcd_init
                0x0000000010006e2c       0x38 components/lcd/liblcd.a(lcd.c.obj)
                0x0000000010006e2c                lcd_init
 .text.tud_mount_cb
                0x0000000010006e64       0x10 components/midi_usb/libmidi_usb.a(midi_usb.c.obj)
                0x0000000010006e64                tud_mount_cb
 .text.tud_umount_cb
                0x0000000010006e74        0xc components/midi_usb/libmidi_usb.a(midi_usb.c.obj)
                0x0000000010006e74                tud_umount_cb
 .text.tud_suspend_cb
                0x0000000010006e80       0x10 components/midi_usb/libmidi_usb.a(midi_usb.c.obj)
                0x0000000010006e80                tud_suspend_cb
 .text.tud_resume_cb
                0x0000000010006e90       0x10 components/midi_usb/libmidi_usb.a(midi_usb.c.obj)
                0x0000000010006e90                tud_resume_cb
 .text.midi_send
                0x0000000010006ea0       0x8c components/midi_usb/libmidi_usb.a(midi_usb.c.obj)
                0x0000000010006ea0                midi_send
 .text.tud_descriptor_device_cb
                0x0000000010006f2c        0x8 components/midi_usb/libmidi_usb.a(usb_descriptors.c.obj)
                0x0000000010006f2c                tud_descriptor_device_cb
 .text.tud_descriptor_configuration_cb
                0x0000000010006f34        0x8 components/midi_usb/libmidi_usb.a(usb_descriptors.c.obj)
                0x0000000010006f34                tud_descriptor_configuration_cb
 .text.tud_descriptor_string_cb
                0x0000000010006f3c       0x80 components/midi_usb/libmidi_usb.a(usb_descriptors.c.obj)
                0x0000000010006f3c                tud_descriptor_string_cb
 .text          0x0000000010006fbc       0x60 /usr/lib/gcc/arm-none-eabi/10.3.1/../../../arm-none-eabi/lib/thumb/v6-m/nofp/libc.a(lib_a-itoa.o)
                0x0000000010006fbc                __itoa
                0x0000000010006fec                itoa
 .text          0x000000001000701c       0x28 /usr/lib/gcc/arm-none-eabi/10.3.1/../../../arm-none-eabi/lib/thumb/v6-m/nofp/libc.a(lib_a-malloc.o)
                0x000000001000701c                malloc
                0x0000000010007030                free
 .text          0x0000000010007044      0x574 /usr/lib/gcc/arm-none-eabi/10.3.1/../../../arm-none-eabi/lib/thumb/v6-m/nofp/libc.a(lib_a-mallocr.o)
                0x0000000010007044                _malloc_r
 .text          0x00000000100075b8        0x8 /usr/lib/gcc/arm-none-eabi/10.3.1/../../../arm-none-eabi/lib/thumb/v6-m/nofp/libc.a(lib_a-mlock.o)
                0x00000000100075b8                __malloc_lock
                0x00000000100075bc                __malloc_unlock
 .text          0x00000000100075c0       0x24 /usr/lib/gcc/arm-none-eabi/10.3.1/../../../arm-none-eabi/lib/thumb/v6-m/nofp/libc.a(lib_a-sbrkr.o)
                0x00000000100075c0                _sbrk_r
 .text          0x00000000100075e4       0x5c /usr/lib/gcc/arm-none-eabi/10.3.1/../../../arm-none-eabi/lib/thumb/v6-m/nofp/libc.a(lib_a-strlen-stub.o)
                0x00000000100075e4                strlen
 .text          0x0000000010007640       0x88 /usr/lib/gcc/arm-none-eabi/10.3.1/../../../arm-none-eabi/lib/thumb/v6-m/nofp/libc.a(lib_a-utoa.o)
                0x0000000010007640                __utoa
                0x00000000100076c0                utoa
 .text          0x00000000100076c8      0x260 /usr/lib/gcc/arm-none-eabi/10.3.1/../../../arm-none-eabi/lib/thumb/v6-m/nofp/libc.a(lib_a-freer.o)
                0x00000000100076c8                _malloc_trim_r
                0x0000000010007764                _free_r
 *(.fini)
 .fini          0x0000000010007928        0x4 /usr/lib/gcc/arm-none-eabi/10.3.1/thumb/v6-m/nofp/crti.o
                0x0000000010007928                _fini
 *fill*         0x000000001000792c        0x4 
 .fini.__stub   0x0000000010007930       0x50 linker stubs
 *crtbegin.o(.ctors)
 *crtbegin?.o(.ctors)
 *(EXCLUDE_FILE(*crtend.o *crtend?.o) .ctors)
 *(SORT_BY_NAME(.ctors.*))
 *(.ctors)
 *crtbegin.o(.dtors)
 *crtbegin?.o(.dtors)
 *(EXCLUDE_FILE(*crtend.o *crtend?.o) .dtors)
 *(SORT_BY_NAME(.dtors.*))
 *(.dtors)
 *(.eh_frame*)
 .eh_frame      0x0000000010007980        0x0 /usr/lib/gcc/arm-none-eabi/10.3.1/thumb/v6-m/nofp/crtbegin.o
                0x0000000010007980                . = ALIGN (0x4)

.glue_7         0x0000000010007980        0x0
 .glue_7        0x0000000010007980        0x0 linker stubs

.glue_7t        0x0000000010007980        0x0
 .glue_7t       0x0000000010007980        0x0 linker stubs

.vfp11_veneer   0x0000000010007980        0x0
 .vfp11_veneer  0x0000000010007980        0x0 linker stubs

.v4_bx          0x0000000010007980        0x0
 .v4_bx         0x0000000010007980        0x0 linker stubs

.iplt           0x0000000010007980        0x0
 .iplt          0x0000000010007980        0x0 /usr/lib/gcc/arm-none-eabi/10.3.1/thumb/v6-m/nofp/crtbegin.o

.rodata         0x0000000010007980      0x324
 *(EXCLUDE_FILE(*libm.a: *libc.a:*lib_a-mem*.o *libgcc.a:) .rodata*)
 .rodata.main.str1.4
                0x0000000010007980       0x39 CMakeFiles/main.dir/main.c.obj
 *fill*         0x00000000100079b9        0x3 
 .rodata.hardware_alarm_claim.str1.4
                0x00000000100079bc       0x22 CMakeFiles/main.dir/home/bartosz/pico/pico-sdk/src/rp2_common/hardware_timer/timer.c.obj
 *fill*         0x00000000100079de        0x2 
 .rodata.panic.str1.4
                0x00000000100079e0       0x12 CMakeFiles/main.dir/home/bartosz/pico/pico-sdk/src/rp2_common/pico_runtime/runtime.c.obj
 *fill*         0x00000000100079f2        0x2 
 .rodata.hard_assertion_failure.str1.4
                0x00000000100079f4        0xc CMakeFiles/main.dir/home/bartosz/pico/pico-sdk/src/rp2_common/pico_runtime/runtime.c.obj
 .rodata.__wrap_malloc.str1.4
                0x0000000010007a00        0xe CMakeFiles/main.dir/home/bartosz/pico/pico-sdk/src/rp2_common/pico_malloc/pico_malloc.c.obj
 *fill*         0x0000000010007a0e        0x2 
 .rodata.str1.4
                0x0000000010007a10       0x3c CMakeFiles/main.dir/home/bartosz/pico/pico-sdk/src/rp2_common/pico_standard_link/binary_info.c.obj
 .rodata.__bi_44
                0x0000000010007a4c        0xc CMakeFiles/main.dir/home/bartosz/pico/pico-sdk/src/rp2_common/pico_standard_link/binary_info.c.obj
 .rodata.__bi_75
                0x0000000010007a58        0xc CMakeFiles/main.dir/home/bartosz/pico/pico-sdk/src/rp2_common/pico_standard_link/binary_info.c.obj
 .rodata.__bi_81
                0x0000000010007a64        0xc CMakeFiles/main.dir/home/bartosz/pico/pico-sdk/src/rp2_common/pico_standard_link/binary_info.c.obj
 .rodata.crlf_str.0
                0x0000000010007a70        0x2 CMakeFiles/main.dir/home/bartosz/pico/pico-sdk/src/rp2_common/pico_stdio/stdio.c.obj
 *fill*         0x0000000010007a72        0x2 
 .rodata.str1.4
                0x0000000010007a74       0x2c CMakeFiles/main.dir/home/bartosz/pico/pico-sdk/src/rp2_common/pico_stdio_uart/stdio_uart.c.obj
 .rodata.__bi_28.4
                0x0000000010007aa0        0xc CMakeFiles/main.dir/home/bartosz/pico/pico-sdk/src/rp2_common/pico_stdio_uart/stdio_uart.c.obj
 .rodata.__bi_29.5
                0x0000000010007aac        0x8 CMakeFiles/main.dir/home/bartosz/pico/pico-sdk/src/rp2_common/pico_stdio_uart/stdio_uart.c.obj
 .rodata._hw_endpoint_buffer_control_update32.part.0.isra.0.str1.4
                0x0000000010007ab4       0x1f CMakeFiles/main.dir/home/bartosz/pico/pico-sdk/lib/tinyusb/src/portable/raspberrypi/rp2040/rp2040_usb.c.obj
 .rodata.str1.4
                0x0000000010007ad3       0x1f CMakeFiles/main.dir/home/bartosz/pico/pico-sdk/lib/tinyusb/src/portable/raspberrypi/rp2040/rp2040_usb.c.obj
                                          0x7 (size before relaxing)
 *fill*         0x0000000010007ad3        0x1 
 .rodata.tud_task
                0x0000000010007ad4       0x8c CMakeFiles/main.dir/home/bartosz/pico/pico-sdk/lib/tinyusb/src/device/usbd.c.obj
 .rodata._usbd_driver
                0x0000000010007b60       0x18 CMakeFiles/main.dir/home/bartosz/pico/pico-sdk/lib/tinyusb/src/device/usbd.c.obj
 .rodata.str1.4
                0x0000000010007b78        0x4 CMakeFiles/main.dir/home/bartosz/pico/pico-sdk/lib/tinyusb/hw/bsp/rp2040/family.c.obj
 .rodata.__bi_121.0
                0x0000000010007b7c        0xc CMakeFiles/main.dir/home/bartosz/pico/pico-sdk/lib/tinyusb/hw/bsp/rp2040/family.c.obj
 .rodata.__bi_131.1
                0x0000000010007b88        0x8 CMakeFiles/main.dir/home/bartosz/pico/pico-sdk/lib/tinyusb/hw/bsp/rp2040/family.c.obj
 .rodata        0x0000000010007b90       0x28 freertos/libfreertos.a(timers.c.obj)
 .rodata.str1.4
                0x0000000010007bb8       0x10 freertos/libfreertos.a(timers.c.obj)
 .rodata.__bi_32.0
                0x0000000010007bc8        0x8 components/lcd/liblcd.a(lcd.c.obj)
 .rodata.str1.4
                0x0000000010007bd0       0x2b components/midi_usb/libmidi_usb.a(usb_descriptors.c.obj)
 *fill*         0x0000000010007bfb        0x1 
 .rodata.__compound_literal.0
                0x0000000010007bfc        0x2 components/midi_usb/libmidi_usb.a(usb_descriptors.c.obj)
 *fill*         0x0000000010007bfe        0x2 
 .rodata.desc_device
                0x0000000010007c00       0x12 components/midi_usb/libmidi_usb.a(usb_descriptors.c.obj)
                0x0000000010007c00                desc_device
 *fill*         0x0000000010007c12        0x2 
 .rodata.desc_fs_configuration
                0x0000000010007c14       0x65 components/midi_usb/libmidi_usb.a(usb_descriptors.c.obj)
                0x0000000010007c14                desc_fs_configuration
 *fill*         0x0000000010007c79        0x3 
 .rodata.str1.4
                0x0000000010007c7c       0x25 /usr/lib/gcc/arm-none-eabi/10.3.1/../../../arm-none-eabi/lib/thumb/v6-m/nofp/libc.a(lib_a-utoa.o)
                0x0000000010007ca4                . = ALIGN (0x4)
 *fill*         0x0000000010007ca1        0x3 
 *(SORT_BY_ALIGNMENT(SORT_BY_NAME(.flashdata*)))
                0x0000000010007ca4                . = ALIGN (0x4)

.rel.dyn        0x0000000010007ca4        0x0
 .rel.iplt      0x0000000010007ca4        0x0 /usr/lib/gcc/arm-none-eabi/10.3.1/thumb/v6-m/nofp/crtbegin.o

.ARM.extab
 *(.ARM.extab* .gnu.linkonce.armextab.*)
                0x0000000010007ca4                __exidx_start = .

.ARM.exidx
 *(.ARM.exidx* .gnu.linkonce.armexidx.*)
                0x0000000010007ca4                __exidx_end = .
                0x0000000010007ca4                . = ALIGN (0x4)
                0x0000000010007ca4                __binary_info_start = .

.binary_info    0x0000000010007ca4       0x30
 *(.binary_info.keep.*)
 .binary_info.keep.__bi_ptr22
                0x0000000010007ca4        0x4 CMakeFiles/main.dir/home/bartosz/pico/pico-sdk/src/rp2_common/pico_standard_link/binary_info.c.obj
 .binary_info.keep.__bi_ptr30
                0x0000000010007ca8        0x4 CMakeFiles/main.dir/home/bartosz/pico/pico-sdk/src/rp2_common/pico_standard_link/binary_info.c.obj
 .binary_info.keep.__bi_ptr38
                0x0000000010007cac        0x4 CMakeFiles/main.dir/home/bartosz/pico/pico-sdk/src/rp2_common/pico_standard_link/binary_info.c.obj
 .binary_info.keep.__bi_ptr44
                0x0000000010007cb0        0x4 CMakeFiles/main.dir/home/bartosz/pico/pico-sdk/src/rp2_common/pico_standard_link/binary_info.c.obj
 .binary_info.keep.__bi_ptr50
                0x0000000010007cb4        0x4 CMakeFiles/main.dir/home/bartosz/pico/pico-sdk/src/rp2_common/pico_standard_link/binary_info.c.obj
 .binary_info.keep.__bi_ptr75
                0x0000000010007cb8        0x4 CMakeFiles/main.dir/home/bartosz/pico/pico-sdk/src/rp2_common/pico_standard_link/binary_info.c.obj
 .binary_info.keep.__bi_ptr81
                0x0000000010007cbc        0x4 CMakeFiles/main.dir/home/bartosz/pico/pico-sdk/src/rp2_common/pico_standard_link/binary_info.c.obj
 .binary_info.keep.__bi_ptr121
                0x0000000010007cc0        0x4 CMakeFiles/main.dir/home/bartosz/pico/pico-sdk/lib/tinyusb/hw/bsp/rp2040/family.c.obj
 .binary_info.keep.__bi_ptr131
                0x0000000010007cc4        0x4 CMakeFiles/main.dir/home/bartosz/pico/pico-sdk/lib/tinyusb/hw/bsp/rp2040/family.c.obj
 .binary_info.keep.__bi_ptr32
                0x0000000010007cc8        0x4 components/lcd/liblcd.a(lcd.c.obj)
 *(.binary_info.*)
 .binary_info.__bi_ptr28
                0x0000000010007ccc        0x4 CMakeFiles/main.dir/home/bartosz/pico/pico-sdk/src/rp2_common/pico_stdio_uart/stdio_uart.c.obj
 .binary_info.__bi_ptr29
                0x0000000010007cd0        0x4 CMakeFiles/main.dir/home/bartosz/pico/pico-sdk/src/rp2_common/pico_stdio_uart/stdio_uart.c.obj
                0x0000000010007cd4                __binary_info_end = .
                0x0000000010007cd4                . = ALIGN (0x4)
                0x0000000010007cd4                __etext = .

.ram_vector_table
                0x0000000020000000       0xc0
 *(.ram_vector_table)
 .ram_vector_table
                0x0000000020000000       0xc0 CMakeFiles/main.dir/home/bartosz/pico/pico-sdk/src/rp2_common/pico_runtime/runtime.c.obj
                0x0000000020000000                ram_vector_table

.data           0x00000000200000c0      0xadc load address 0x0000000010007cd4
                0x00000000200000c0                __data_start__ = .
 *(vtable)
 *(.time_critical*)
 .time_critical.mutex_enter_blocking
                0x00000000200000c0       0x48 CMakeFiles/main.dir/home/bartosz/pico/pico-sdk/src/common/pico_sync/mutex.c.obj
                0x00000000200000c0                mutex_enter_blocking
 .time_critical.mutex_try_enter
                0x0000000020000108       0x44 CMakeFiles/main.dir/home/bartosz/pico/pico-sdk/src/common/pico_sync/mutex.c.obj
                0x0000000020000108                mutex_try_enter
 .time_critical.mutex_enter_timeout_ms
                0x000000002000014c       0xa0 CMakeFiles/main.dir/home/bartosz/pico/pico-sdk/src/common/pico_sync/mutex.c.obj
                0x000000002000014c                mutex_enter_timeout_ms
 .time_critical.mutex_exit
                0x00000000200001ec       0x28 CMakeFiles/main.dir/home/bartosz/pico/pico-sdk/src/common/pico_sync/mutex.c.obj
                0x00000000200001ec                mutex_exit
 *(.text*)
 .text          0x0000000020000214        0x4 /usr/lib/gcc/arm-none-eabi/10.3.1/thumb/v6-m/nofp/libgcc.a(_dvmd_tls.o)
                0x0000000020000214                __aeabi_ldiv0
                0x0000000020000214                __aeabi_idiv0
 .text.__stub   0x0000000020000218       0x30 linker stubs
                0x0000000020000248                . = ALIGN (0x4)
 *(.rodata*)
                0x0000000020000248                . = ALIGN (0x4)
 *(.data*)
 .data.btn_pins
                0x0000000020000248       0x10 CMakeFiles/main.dir/main.c.obj
                0x0000000020000248                btn_pins
 .data.striped_spin_lock_num
                0x0000000020000258        0x1 CMakeFiles/main.dir/home/bartosz/pico/pico-sdk/src/rp2_common/hardware_sync/sync.c.obj
 *fill*         0x0000000020000259        0x3 
 .data          0x000000002000025c       0x48 CMakeFiles/main.dir/home/bartosz/pico/pico-sdk/src/rp2_common/hardware_irq/irq_handler_chain.S.obj
                0x000000002000025c                irq_handler_chain_slots
                0x000000002000028c                irq_handler_chain_first_slot
                0x0000000020000296                irq_handler_chain_remove_tail
 .data.default_alarm_pool
                0x00000000200002a4       0x18 CMakeFiles/main.dir/home/bartosz/pico/pico-sdk/src/common/pico_time/time.c.obj
 .data.default_alarm_pool_heap
                0x00000000200002bc       0x10 CMakeFiles/main.dir/home/bartosz/pico/pico-sdk/src/common/pico_time/time.c.obj
 *fill*         0x00000000200002cc        0x4 
 .data.aeabi_bits_funcs
                0x00000000200002d0       0x10 CMakeFiles/main.dir/home/bartosz/pico/pico-sdk/src/rp2_common/pico_bit_ops/bit_ops_aeabi.S.obj
                0x00000000200002d0                aeabi_bits_funcs
                0x00000000200002e0                aeabi_bits_funcs_end
 .data.aeabi_mem_funcs
                0x00000000200002e0       0x10 CMakeFiles/main.dir/home/bartosz/pico/pico-sdk/src/rp2_common/pico_mem_ops/mem_ops_aeabi.S.obj
                0x00000000200002e0                aeabi_mem_funcs
                0x00000000200002f0                aeabi_mem_funcs_end
 .data.stdio_uart
                0x00000000200002f0       0x14 CMakeFiles/main.dir/home/bartosz/pico/pico-sdk/src/rp2_common/pico_stdio_uart/stdio_uart.c.obj
                0x00000000200002f0                stdio_uart
 .data.i2c0_inst
                0x0000000020000304        0x8 CMakeFiles/main.dir/home/bartosz/pico/pico-sdk/src/rp2_common/hardware_i2c/i2c.c.obj
                0x0000000020000304                i2c0_inst
 .data.ep_dir_string
                0x000000002000030c        0x8 CMakeFiles/main.dir/home/bartosz/pico/pico-sdk/lib/tinyusb/src/portable/raspberrypi/rp2040/rp2040_usb.c.obj
                0x000000002000030c                ep_dir_string
 .data          0x0000000020000314        0x4 freertos/libfreertos.a(tasks.c.obj)
                0x0000000020000314                uxTopUsedPriority
 .data          0x0000000020000318        0x4 freertos/libfreertos.a(port.c.obj)
 .data.blink_interval_ms
                0x000000002000031c        0x4 components/midi_usb/libmidi_usb.a(midi_usb.c.obj)
 .data.notes    0x0000000020000320       0x10 components/midi_usb/libmidi_usb.a(midi_usb.c.obj)
                0x0000000020000320                notes
 .data.string_desc_arr
                0x0000000020000330       0x10 components/midi_usb/libmidi_usb.a(usb_descriptors.c.obj)
                0x0000000020000330                string_desc_arr
 .data          0x0000000020000340      0x430 /usr/lib/gcc/arm-none-eabi/10.3.1/../../../arm-none-eabi/lib/thumb/v6-m/nofp/libc.a(lib_a-impure.o)
                0x0000000020000340                _impure_ptr
 .data          0x0000000020000770      0x410 /usr/lib/gcc/arm-none-eabi/10.3.1/../../../arm-none-eabi/lib/thumb/v6-m/nofp/libc.a(lib_a-mallocr.o)
                0x0000000020000770                __malloc_sbrk_base
                0x0000000020000774                __malloc_trim_threshold
                0x0000000020000778                __malloc_av_
                0x0000000020000b80                . = ALIGN (0x4)
 *(.after_data.*)
                0x0000000020000b80                . = ALIGN (0x4)
                0x0000000020000b80                PROVIDE (__mutex_array_start = .)
 *(SORT_BY_NAME(.mutex_array.*))
 *(.mutex_array)
 .mutex_array   0x0000000020000b80        0x8 CMakeFiles/main.dir/home/bartosz/pico/pico-sdk/src/rp2_common/pico_stdio/stdio.c.obj
                0x0000000020000b88                PROVIDE (__mutex_array_end = .)
                0x0000000020000b88                . = ALIGN (0x4)
                0x0000000020000b88                PROVIDE (__preinit_array_start = .)
 *(SORT_BY_NAME(.preinit_array.*))
 .preinit_array.00001
                0x0000000020000b88        0x4 CMakeFiles/main.dir/home/bartosz/pico/pico-sdk/src/rp2_common/pico_mem_ops/mem_ops_aeabi.S.obj
 .preinit_array.00010
                0x0000000020000b8c        0x4 CMakeFiles/main.dir/home/bartosz/pico/pico-sdk/src/rp2_common/pico_bit_ops/bit_ops_aeabi.S.obj
 .preinit_array.00020
                0x0000000020000b90        0x4 CMakeFiles/main.dir/home/bartosz/pico/pico-sdk/src/rp2_common/pico_double/double_aeabi.S.obj
 .preinit_array.00020
                0x0000000020000b94        0x4 CMakeFiles/main.dir/home/bartosz/pico/pico-sdk/src/rp2_common/pico_float/float_aeabi.S.obj
 *(.preinit_array)
                0x0000000020000b98                PROVIDE (__preinit_array_end = .)
                0x0000000020000b98                . = ALIGN (0x4)
                0x0000000020000b98                PROVIDE (__init_array_start = .)
 *(SORT_BY_NAME(.init_array.*))
 *(.init_array)
 .init_array    0x0000000020000b98        0x4 /usr/lib/gcc/arm-none-eabi/10.3.1/thumb/v6-m/nofp/crtbegin.o
                0x0000000020000b9c                PROVIDE (__init_array_end = .)
                0x0000000020000b9c                . = ALIGN (0x4)
                0x0000000020000b9c                PROVIDE (__fini_array_start = .)
 *(SORT_BY_NAME(.fini_array.*))
 *(.fini_array)
                0x0000000020000b9c                PROVIDE (__fini_array_end = .)
 *(.jcr)
                0x0000000020000b9c                . = ALIGN (0x4)
                0x0000000020000b9c                __data_end__ = .

.tm_clone_table
                0x0000000020000b9c        0x0 load address 0x00000000100087b0
 .tm_clone_table
                0x0000000020000b9c        0x0 /usr/lib/gcc/arm-none-eabi/10.3.1/thumb/v6-m/nofp/crtbegin.o
 .tm_clone_table
                0x0000000020000b9c        0x0 /usr/lib/gcc/arm-none-eabi/10.3.1/thumb/v6-m/nofp/crtend.o

.igot.plt       0x0000000020000b9c        0x0 load address 0x00000000100087b0
 .igot.plt      0x0000000020000b9c        0x0 /usr/lib/gcc/arm-none-eabi/10.3.1/thumb/v6-m/nofp/crtbegin.o

.uninitialized_data
                0x0000000020000b9c        0x0 load address 0x00000000100087b0
                0x0000000020000b9c                . = ALIGN (0x4)
 *(.uninitialized_data*)

.scratch_x      0x0000000020040000        0x0 load address 0x00000000100087b0
                0x0000000020040000                __scratch_x_start__ = .
 *(.scratch_x.*)
                0x0000000020040000                . = ALIGN (0x4)
                0x0000000020040000                __scratch_x_end__ = .
                0x00000000100087b0                __scratch_x_source__ = LOADADDR (.scratch_x)

.scratch_y      0x0000000020041000        0x0 load address 0x00000000100087b0
                0x0000000020041000                __scratch_y_start__ = .
 *(.scratch_y.*)
                0x0000000020041000                . = ALIGN (0x4)
                0x0000000020041000                __scratch_y_end__ = .
                0x00000000100087b0                __scratch_y_source__ = LOADADDR (.scratch_y)

.bss            0x0000000020000ba0      0xbf8
                0x0000000020000ba0                . = ALIGN (0x4)
                0x0000000020000ba0                __bss_start__ = .
 *(SORT_BY_ALIGNMENT(SORT_BY_NAME(.bss*)))
 .bss           0x0000000020000ba0       0x50 freertos/libfreertos.a(queue.c.obj)
                0x0000000020000ba0                xQueueRegistry
 .bss.default_alarm_pool_entries
                0x0000000020000bf0      0x100 CMakeFiles/main.dir/home/bartosz/pico/pico-sdk/src/common/pico_time/time.c.obj
 .bss.sd_table  0x0000000020000cf0      0x100 CMakeFiles/main.dir/home/bartosz/pico/pico-sdk/src/rp2_common/pico_double/double_init_rom.c.obj
                0x0000000020000cf0                sd_table
 .bss.sf_table  0x0000000020000df0      0x100 CMakeFiles/main.dir/home/bartosz/pico/pico-sdk/src/rp2_common/pico_float/float_init_rom.c.obj
                0x0000000020000df0                sf_table
 .bss           0x0000000020000ef0       0x1c /usr/lib/gcc/arm-none-eabi/10.3.1/thumb/v6-m/nofp/crtbegin.o
 .bss           0x0000000020000f0c      0x104 freertos/libfreertos.a(tasks.c.obj)
                0x0000000020000f90                pxCurrentTCB
 .bss           0x0000000020001010       0x3c freertos/libfreertos.a(timers.c.obj)
 .bss           0x000000002000104c       0x34 /usr/lib/gcc/arm-none-eabi/10.3.1/../../../arm-none-eabi/lib/thumb/v6-m/nofp/libc.a(lib_a-mallocr.o)
                0x000000002000104c                __malloc_top_pad
                0x0000000020001050                __malloc_current_mallinfo
                0x0000000020001078                __malloc_max_sbrked_mem
                0x000000002000107c                __malloc_max_total_mem
 .bss           0x0000000020001080        0x4 /usr/lib/gcc/arm-none-eabi/10.3.1/../../../arm-none-eabi/lib/thumb/v6-m/nofp/libc.a(lib_a-reent.o)
                0x0000000020001080                errno
 .bss._app_driver
                0x0000000020001084        0x4 CMakeFiles/main.dir/home/bartosz/pico/pico-sdk/lib/tinyusb/src/device/usbd.c.obj
 .bss._ctrl_xfer
                0x0000000020001088       0x14 CMakeFiles/main.dir/home/bartosz/pico/pico-sdk/lib/tinyusb/src/device/usbd_control.c.obj
 .bss._desc_str
                0x000000002000109c       0x40 components/midi_usb/libmidi_usb.a(usb_descriptors.c.obj)
 .bss._midid_itf
                0x00000000200010dc      0x158 CMakeFiles/main.dir/home/bartosz/pico/pico-sdk/lib/tinyusb/src/class/midi/midi_device.c.obj
                0x00000000200010dc                _midid_itf
 .bss._usbd_ctrl_buf
                0x0000000020001234       0x40 CMakeFiles/main.dir/home/bartosz/pico/pico-sdk/lib/tinyusb/src/device/usbd_control.c.obj
 .bss._usbd_dev
                0x0000000020001274       0x53 CMakeFiles/main.dir/home/bartosz/pico/pico-sdk/lib/tinyusb/src/device/usbd.c.obj
 *fill*         0x00000000200012c7        0x1 
 .bss._usbd_mutex
                0x00000000200012c8        0x4 CMakeFiles/main.dir/home/bartosz/pico/pico-sdk/lib/tinyusb/src/device/usbd.c.obj
 .bss._usbd_q   0x00000000200012cc        0x4 CMakeFiles/main.dir/home/bartosz/pico/pico-sdk/lib/tinyusb/src/device/usbd.c.obj
 .bss.alarm_callbacks
                0x00000000200012d0       0x10 CMakeFiles/main.dir/home/bartosz/pico/pico-sdk/src/rp2_common/hardware_timer/timer.c.obj
 .bss.configured_freq
                0x00000000200012e0       0x28 CMakeFiles/main.dir/home/bartosz/pico/pico-sdk/src/rp2_common/hardware_clocks/clocks.c.obj
 .bss.default_alarm_pool_entry_ids_high
                0x0000000020001308       0x10 CMakeFiles/main.dir/home/bartosz/pico/pico-sdk/src/common/pico_time/time.c.obj
 .bss.default_alarm_pool_heap_nodes
                0x0000000020001318       0x30 CMakeFiles/main.dir/home/bartosz/pico/pico-sdk/src/common/pico_time/time.c.obj
 .bss.drivers   0x0000000020001348        0x4 CMakeFiles/main.dir/home/bartosz/pico/pico-sdk/src/rp2_common/pico_stdio/stdio.c.obj
 .bss.filter    0x000000002000134c        0x4 CMakeFiles/main.dir/home/bartosz/pico/pico-sdk/src/rp2_common/pico_stdio/stdio.c.obj
 .bss.heap_end.0
                0x0000000020001350        0x4 CMakeFiles/main.dir/home/bartosz/pico/pico-sdk/src/rp2_common/pico_runtime/runtime.c.obj
 .bss.hw_endpoints
                0x0000000020001354      0x400 CMakeFiles/main.dir/home/bartosz/pico/pico-sdk/lib/tinyusb/src/portable/raspberrypi/rp2040/dcd_rp2040.c.obj
 .bss.lazy_vsnprintf
                0x0000000020001754        0x4 CMakeFiles/main.dir/home/bartosz/pico/pico-sdk/src/rp2_common/pico_printf/printf.c.obj
 .bss.logic_queue
                0x0000000020001758        0x4 CMakeFiles/main.dir/main.c.obj
                0x0000000020001758                logic_queue
 .bss.next_buffer_ptr
                0x000000002000175c        0x4 CMakeFiles/main.dir/home/bartosz/pico/pico-sdk/lib/tinyusb/src/portable/raspberrypi/rp2040/dcd_rp2040.c.obj
 .bss.pools     0x0000000020001760       0x10 CMakeFiles/main.dir/home/bartosz/pico/pico-sdk/src/common/pico_time/time.c.obj
 .bss.sf_clz_func
                0x0000000020001770        0x4 CMakeFiles/main.dir/home/bartosz/pico/pico-sdk/src/rp2_common/pico_double/double_init_rom.c.obj
                0x0000000020001770                sf_clz_func
 .bss.sleep_notifier
                0x0000000020001774        0x4 CMakeFiles/main.dir/home/bartosz/pico/pico-sdk/src/common/pico_time/time.c.obj
 .bss.target_hi
                0x0000000020001778       0x10 CMakeFiles/main.dir/home/bartosz/pico/pico-sdk/src/rp2_common/hardware_timer/timer.c.obj
 .bss.uart_char_to_line_feed
                0x0000000020001788        0x4 CMakeFiles/main.dir/home/bartosz/pico/pico-sdk/src/rp2_common/hardware_uart/uart.c.obj
                0x0000000020001788                uart_char_to_line_feed
 .bss.uart_instance
                0x000000002000178c        0x4 CMakeFiles/main.dir/home/bartosz/pico/pico-sdk/src/rp2_common/pico_stdio_uart/stdio_uart.c.obj
 .bss._app_driver_count
                0x0000000020001790        0x1 CMakeFiles/main.dir/home/bartosz/pico/pico-sdk/lib/tinyusb/src/device/usbd.c.obj
 .bss._usbd_initialized
                0x0000000020001791        0x1 CMakeFiles/main.dir/home/bartosz/pico/pico-sdk/lib/tinyusb/src/device/usbd.c.obj
 .bss.claimed   0x0000000020001792        0x1 CMakeFiles/main.dir/home/bartosz/pico/pico-sdk/src/rp2_common/hardware_timer/timer.c.obj
 .bss.irq_hander_chain_free_slot_head
                0x0000000020001793        0x1 CMakeFiles/main.dir/home/bartosz/pico/pico-sdk/src/rp2_common/hardware_irq/irq.c.obj
 .bss.timer_callbacks_pending
                0x0000000020001794        0x1 CMakeFiles/main.dir/home/bartosz/pico/pico-sdk/src/rp2_common/hardware_timer/timer.c.obj
 *(COMMON)
                0x0000000020001798                . = ALIGN (0x4)
 *fill*         0x0000000020001795        0x3 
                0x0000000020001798                __bss_end__ = .

.heap           0x0000000020001798      0x800
                0x0000000020001798                __end__ = .
                0x0000000020001798                end = __end__
 *(.heap*)
 .heap          0x0000000020001798      0x800 CMakeFiles/main.dir/home/bartosz/pico/pico-sdk/src/rp2_common/pico_standard_link/crt0.S.obj
                0x0000000020001f98                __HeapLimit = .

.stack1_dummy   0x0000000020040000        0x0
 *(.stack1*)

.stack_dummy    0x0000000020041000      0x800
 *(.stack*)
 .stack         0x0000000020041000      0x800 CMakeFiles/main.dir/home/bartosz/pico/pico-sdk/src/rp2_common/pico_standard_link/crt0.S.obj

.flash_end      0x00000000100087b0        0x0
                0x00000000100087b0                __flash_binary_end = .
                0x0000000020040000                __StackLimit = (ORIGIN (RAM) + LENGTH (RAM))
                0x0000000020041000                __StackOneTop = (ORIGIN (SCRATCH_X) + LENGTH (SCRATCH_X))
                0x0000000020042000                __StackTop = (ORIGIN (SCRATCH_Y) + LENGTH (SCRATCH_Y))
                0x0000000020041000                __StackOneBottom = (__StackOneTop - SIZEOF (.stack1_dummy))
                0x0000000020041800                __StackBottom = (__StackTop - SIZEOF (.stack_dummy))
                0x0000000020042000                PROVIDE (__stack = __StackTop)
                0x0000000000000001                ASSERT ((__StackLimit >= __HeapLimit), region RAM overflowed)
                0x0000000000000001                ASSERT (((__binary_info_header_end - __logical_binary_start) <= 0x100), Binary info must be in first 256 bytes of the binary)
LOAD CMakeFiles/main.dir/main.c.obj
LOAD CMakeFiles/main.dir/home/bartosz/pico/pico-sdk/src/rp2_common/pico_stdlib/stdlib.c.obj
LOAD CMakeFiles/main.dir/home/bartosz/pico/pico-sdk/src/rp2_common/hardware_gpio/gpio.c.obj
LOAD CMakeFiles/main.dir/home/bartosz/pico/pico-sdk/src/rp2_common/hardware_claim/claim.c.obj
LOAD CMakeFiles/main.dir/home/bartosz/pico/pico-sdk/src/rp2_common/pico_platform/platform.c.obj
LOAD CMakeFiles/main.dir/home/bartosz/pico/pico-sdk/src/rp2_common/hardware_sync/sync.c.obj
LOAD CMakeFiles/main.dir/home/bartosz/pico/pico-sdk/src/rp2_common/hardware_irq/irq.c.obj
LOAD CMakeFiles/main.dir/home/bartosz/pico/pico-sdk/src/rp2_common/hardware_irq/irq_handler_chain.S.obj
LOAD CMakeFiles/main.dir/home/bartosz/pico/pico-sdk/src/common/pico_sync/sem.c.obj
LOAD CMakeFiles/main.dir/home/bartosz/pico/pico-sdk/src/common/pico_sync/lock_core.c.obj
LOAD CMakeFiles/main.dir/home/bartosz/pico/pico-sdk/src/common/pico_time/time.c.obj
LOAD CMakeFiles/main.dir/home/bartosz/pico/pico-sdk/src/common/pico_time/timeout_helper.c.obj
LOAD CMakeFiles/main.dir/home/bartosz/pico/pico-sdk/src/rp2_common/hardware_timer/timer.c.obj
LOAD CMakeFiles/main.dir/home/bartosz/pico/pico-sdk/src/common/pico_util/datetime.c.obj
LOAD CMakeFiles/main.dir/home/bartosz/pico/pico-sdk/src/common/pico_util/pheap.c.obj
LOAD CMakeFiles/main.dir/home/bartosz/pico/pico-sdk/src/common/pico_util/queue.c.obj
LOAD CMakeFiles/main.dir/home/bartosz/pico/pico-sdk/src/common/pico_sync/mutex.c.obj
LOAD CMakeFiles/main.dir/home/bartosz/pico/pico-sdk/src/common/pico_sync/critical_section.c.obj
LOAD CMakeFiles/main.dir/home/bartosz/pico/pico-sdk/src/rp2_common/hardware_uart/uart.c.obj
LOAD CMakeFiles/main.dir/home/bartosz/pico/pico-sdk/src/rp2_common/hardware_divider/divider.S.obj
LOAD CMakeFiles/main.dir/home/bartosz/pico/pico-sdk/src/rp2_common/pico_runtime/runtime.c.obj
LOAD CMakeFiles/main.dir/home/bartosz/pico/pico-sdk/src/rp2_common/hardware_clocks/clocks.c.obj
LOAD CMakeFiles/main.dir/home/bartosz/pico/pico-sdk/src/rp2_common/hardware_pll/pll.c.obj
LOAD CMakeFiles/main.dir/home/bartosz/pico/pico-sdk/src/rp2_common/hardware_vreg/vreg.c.obj
LOAD CMakeFiles/main.dir/home/bartosz/pico/pico-sdk/src/rp2_common/hardware_watchdog/watchdog.c.obj
LOAD CMakeFiles/main.dir/home/bartosz/pico/pico-sdk/src/rp2_common/hardware_xosc/xosc.c.obj
LOAD CMakeFiles/main.dir/home/bartosz/pico/pico-sdk/src/rp2_common/pico_printf/printf.c.obj
LOAD CMakeFiles/main.dir/home/bartosz/pico/pico-sdk/src/rp2_common/pico_bit_ops/bit_ops_aeabi.S.obj
LOAD CMakeFiles/main.dir/home/bartosz/pico/pico-sdk/src/rp2_common/pico_bootrom/bootrom.c.obj
LOAD CMakeFiles/main.dir/home/bartosz/pico/pico-sdk/src/rp2_common/pico_divider/divider.S.obj
LOAD CMakeFiles/main.dir/home/bartosz/pico/pico-sdk/src/rp2_common/pico_double/double_aeabi.S.obj
LOAD CMakeFiles/main.dir/home/bartosz/pico/pico-sdk/src/rp2_common/pico_double/double_init_rom.c.obj
LOAD CMakeFiles/main.dir/home/bartosz/pico/pico-sdk/src/rp2_common/pico_double/double_math.c.obj
LOAD CMakeFiles/main.dir/home/bartosz/pico/pico-sdk/src/rp2_common/pico_double/double_v1_rom_shim.S.obj
LOAD CMakeFiles/main.dir/home/bartosz/pico/pico-sdk/src/rp2_common/pico_int64_ops/pico_int64_ops_aeabi.S.obj
LOAD CMakeFiles/main.dir/home/bartosz/pico/pico-sdk/src/rp2_common/pico_float/float_aeabi.S.obj
LOAD CMakeFiles/main.dir/home/bartosz/pico/pico-sdk/src/rp2_common/pico_float/float_init_rom.c.obj
LOAD CMakeFiles/main.dir/home/bartosz/pico/pico-sdk/src/rp2_common/pico_float/float_math.c.obj
LOAD CMakeFiles/main.dir/home/bartosz/pico/pico-sdk/src/rp2_common/pico_float/float_v1_rom_shim.S.obj
LOAD CMakeFiles/main.dir/home/bartosz/pico/pico-sdk/src/rp2_common/pico_malloc/pico_malloc.c.obj
LOAD CMakeFiles/main.dir/home/bartosz/pico/pico-sdk/src/rp2_common/pico_mem_ops/mem_ops_aeabi.S.obj
LOAD CMakeFiles/main.dir/home/bartosz/pico/pico-sdk/src/rp2_common/pico_standard_link/crt0.S.obj
LOAD CMakeFiles/main.dir/home/bartosz/pico/pico-sdk/src/rp2_common/pico_standard_link/new_delete.cpp.obj
LOAD CMakeFiles/main.dir/home/bartosz/pico/pico-sdk/src/rp2_common/pico_standard_link/binary_info.c.obj
LOAD CMakeFiles/main.dir/home/bartosz/pico/pico-sdk/src/rp2_common/pico_stdio/stdio.c.obj
LOAD CMakeFiles/main.dir/home/bartosz/pico/pico-sdk/src/rp2_common/pico_stdio_uart/stdio_uart.c.obj
LOAD CMakeFiles/main.dir/home/bartosz/pico/pico-sdk/src/rp2_common/hardware_i2c/i2c.c.obj
LOAD CMakeFiles/main.dir/home/bartosz/pico/pico-sdk/lib/tinyusb/src/portable/raspberrypi/rp2040/dcd_rp2040.c.obj
LOAD CMakeFiles/main.dir/home/bartosz/pico/pico-sdk/lib/tinyusb/src/portable/raspberrypi/rp2040/rp2040_usb.c.obj
LOAD CMakeFiles/main.dir/home/bartosz/pico/pico-sdk/lib/tinyusb/src/device/usbd.c.obj
LOAD CMakeFiles/main.dir/home/bartosz/pico/pico-sdk/lib/tinyusb/src/device/usbd_control.c.obj
LOAD CMakeFiles/main.dir/home/bartosz/pico/pico-sdk/lib/tinyusb/src/class/audio/audio_device.c.obj
LOAD CMakeFiles/main.dir/home/bartosz/pico/pico-sdk/lib/tinyusb/src/class/cdc/cdc_device.c.obj
LOAD CMakeFiles/main.dir/home/bartosz/pico/pico-sdk/lib/tinyusb/src/class/dfu/dfu_device.c.obj
LOAD CMakeFiles/main.dir/home/bartosz/pico/pico-sdk/lib/tinyusb/src/class/dfu/dfu_rt_device.c.obj
LOAD CMakeFiles/main.dir/home/bartosz/pico/pico-sdk/lib/tinyusb/src/class/hid/hid_device.c.obj
LOAD CMakeFiles/main.dir/home/bartosz/pico/pico-sdk/lib/tinyusb/src/class/midi/midi_device.c.obj
LOAD CMakeFiles/main.dir/home/bartosz/pico/pico-sdk/lib/tinyusb/src/class/msc/msc_device.c.obj
LOAD CMakeFiles/main.dir/home/bartosz/pico/pico-sdk/lib/tinyusb/src/class/net/ecm_rndis_device.c.obj
LOAD CMakeFiles/main.dir/home/bartosz/pico/pico-sdk/lib/tinyusb/src/class/net/ncm_device.c.obj
LOAD CMakeFiles/main.dir/home/bartosz/pico/pico-sdk/lib/tinyusb/src/class/usbtmc/usbtmc_device.c.obj
LOAD CMakeFiles/main.dir/home/bartosz/pico/pico-sdk/lib/tinyusb/src/class/vendor/vendor_device.c.obj
LOAD CMakeFiles/main.dir/home/bartosz/pico/pico-sdk/lib/tinyusb/src/class/video/video_device.c.obj
LOAD CMakeFiles/main.dir/home/bartosz/pico/pico-sdk/lib/tinyusb/src/tusb.c.obj
LOAD CMakeFiles/main.dir/home/bartosz/pico/pico-sdk/lib/tinyusb/src/common/tusb_fifo.c.obj
LOAD CMakeFiles/main.dir/home/bartosz/pico/pico-sdk/src/rp2_common/pico_fix/rp2040_usb_device_enumeration/rp2040_usb_device_enumeration.c.obj
LOAD CMakeFiles/main.dir/home/bartosz/pico/pico-sdk/lib/tinyusb/hw/bsp/rp2040/family.c.obj
LOAD freertos/libfreertos.a
LOAD components/controls/libcontrols.a
LOAD components/lcd/liblcd.a
LOAD components/midi_usb/libmidi_usb.a
LOAD /tmp/ccUofhH0.o
LOAD /usr/lib/gcc/arm-none-eabi/10.3.1/../../../arm-none-eabi/lib/thumb/v6-m/nofp/libstdc++.a
LOAD /usr/lib/gcc/arm-none-eabi/10.3.1/../../../arm-none-eabi/lib/thumb/v6-m/nofp/libm.a
START GROUP
LOAD /usr/lib/gcc/arm-none-eabi/10.3.1/thumb/v6-m/nofp/libgcc.a
LOAD /usr/lib/gcc/arm-none-eabi/10.3.1/../../../arm-none-eabi/lib/thumb/v6-m/nofp/libc.a
END GROUP
START GROUP
LOAD /usr/lib/gcc/arm-none-eabi/10.3.1/thumb/v6-m/nofp/libgcc.a
LOAD /usr/lib/gcc/arm-none-eabi/10.3.1/../../../arm-none-eabi/lib/thumb/v6-m/nofp/libc.a
LOAD /usr/lib/gcc/arm-none-eabi/10.3.1/../../../arm-none-eabi/lib/thumb/v6-m/nofp/libnosys.a
END GROUP
LOAD /usr/lib/gcc/arm-none-eabi/10.3.1/thumb/v6-m/nofp/crtend.o
LOAD /usr/lib/gcc/arm-none-eabi/10.3.1/thumb/v6-m/nofp/crtn.o
OUTPUT(main.elf elf32-littlearm)
LOAD linker stubs

.ARM.attributes
                0x0000000000000000       0x28
 .ARM.attributes
                0x0000000000000000       0x1e /usr/lib/gcc/arm-none-eabi/10.3.1/thumb/v6-m/nofp/crti.o
 .ARM.attributes
                0x000000000000001e       0x2c /usr/lib/gcc/arm-none-eabi/10.3.1/thumb/v6-m/nofp/crtbegin.o
 .ARM.attributes
                0x000000000000004a       0x2c CMakeFiles/main.dir/main.c.obj
 .ARM.attributes
                0x0000000000000076       0x2c CMakeFiles/main.dir/home/bartosz/pico/pico-sdk/src/rp2_common/hardware_gpio/gpio.c.obj
 .ARM.attributes
                0x00000000000000a2       0x2c CMakeFiles/main.dir/home/bartosz/pico/pico-sdk/src/rp2_common/hardware_claim/claim.c.obj
 .ARM.attributes
                0x00000000000000ce       0x2c CMakeFiles/main.dir/home/bartosz/pico/pico-sdk/src/rp2_common/pico_platform/platform.c.obj
 .ARM.attributes
                0x00000000000000fa       0x2c CMakeFiles/main.dir/home/bartosz/pico/pico-sdk/src/rp2_common/hardware_sync/sync.c.obj
 .ARM.attributes
                0x0000000000000126       0x2c CMakeFiles/main.dir/home/bartosz/pico/pico-sdk/src/rp2_common/hardware_irq/irq.c.obj
 .ARM.attributes
                0x0000000000000152       0x22 CMakeFiles/main.dir/home/bartosz/pico/pico-sdk/src/rp2_common/hardware_irq/irq_handler_chain.S.obj
 .ARM.attributes
                0x0000000000000174       0x2c CMakeFiles/main.dir/home/bartosz/pico/pico-sdk/src/common/pico_sync/lock_core.c.obj
 .ARM.attributes
                0x00000000000001a0       0x2c CMakeFiles/main.dir/home/bartosz/pico/pico-sdk/src/common/pico_time/time.c.obj
 .ARM.attributes
                0x00000000000001cc       0x2c CMakeFiles/main.dir/home/bartosz/pico/pico-sdk/src/rp2_common/hardware_timer/timer.c.obj
 .ARM.attributes
                0x00000000000001f8       0x2c CMakeFiles/main.dir/home/bartosz/pico/pico-sdk/src/common/pico_util/pheap.c.obj
 .ARM.attributes
                0x0000000000000224       0x2c CMakeFiles/main.dir/home/bartosz/pico/pico-sdk/src/common/pico_sync/mutex.c.obj
 .ARM.attributes
                0x0000000000000250       0x2c CMakeFiles/main.dir/home/bartosz/pico/pico-sdk/src/rp2_common/hardware_uart/uart.c.obj
 .ARM.attributes
                0x000000000000027c       0x2c CMakeFiles/main.dir/home/bartosz/pico/pico-sdk/src/rp2_common/pico_runtime/runtime.c.obj
 .ARM.attributes
                0x00000000000002a8       0x2c CMakeFiles/main.dir/home/bartosz/pico/pico-sdk/src/rp2_common/hardware_clocks/clocks.c.obj
 .ARM.attributes
                0x00000000000002d4       0x2c CMakeFiles/main.dir/home/bartosz/pico/pico-sdk/src/rp2_common/hardware_pll/pll.c.obj
 .ARM.attributes
                0x0000000000000300       0x2c CMakeFiles/main.dir/home/bartosz/pico/pico-sdk/src/rp2_common/hardware_watchdog/watchdog.c.obj
 .ARM.attributes
                0x000000000000032c       0x2c CMakeFiles/main.dir/home/bartosz/pico/pico-sdk/src/rp2_common/hardware_xosc/xosc.c.obj
 .ARM.attributes
                0x0000000000000358       0x2c CMakeFiles/main.dir/home/bartosz/pico/pico-sdk/src/rp2_common/pico_printf/printf.c.obj
 .ARM.attributes
                0x0000000000000384       0x22 CMakeFiles/main.dir/home/bartosz/pico/pico-sdk/src/rp2_common/pico_bit_ops/bit_ops_aeabi.S.obj
 .ARM.attributes
                0x00000000000003a6       0x2c CMakeFiles/main.dir/home/bartosz/pico/pico-sdk/src/rp2_common/pico_bootrom/bootrom.c.obj
 .ARM.attributes
                0x00000000000003d2       0x22 CMakeFiles/main.dir/home/bartosz/pico/pico-sdk/src/rp2_common/pico_divider/divider.S.obj
 .ARM.attributes
                0x00000000000003f4       0x22 CMakeFiles/main.dir/home/bartosz/pico/pico-sdk/src/rp2_common/pico_double/double_aeabi.S.obj
 .ARM.attributes
                0x0000000000000416       0x2c CMakeFiles/main.dir/home/bartosz/pico/pico-sdk/src/rp2_common/pico_double/double_init_rom.c.obj
 .ARM.attributes
                0x0000000000000442       0x22 CMakeFiles/main.dir/home/bartosz/pico/pico-sdk/src/rp2_common/pico_double/double_v1_rom_shim.S.obj
 .ARM.attributes
                0x0000000000000464       0x22 CMakeFiles/main.dir/home/bartosz/pico/pico-sdk/src/rp2_common/pico_int64_ops/pico_int64_ops_aeabi.S.obj
 .ARM.attributes
                0x0000000000000486       0x22 CMakeFiles/main.dir/home/bartosz/pico/pico-sdk/src/rp2_common/pico_float/float_aeabi.S.obj
 .ARM.attributes
                0x00000000000004a8       0x2c CMakeFiles/main.dir/home/bartosz/pico/pico-sdk/src/rp2_common/pico_float/float_init_rom.c.obj
 .ARM.attributes
                0x00000000000004d4       0x22 CMakeFiles/main.dir/home/bartosz/pico/pico-sdk/src/rp2_common/pico_float/float_v1_rom_shim.S.obj
 .ARM.attributes
                0x00000000000004f6       0x2c CMakeFiles/main.dir/home/bartosz/pico/pico-sdk/src/rp2_common/pico_malloc/pico_malloc.c.obj
 .ARM.attributes
                0x0000000000000522       0x22 CMakeFiles/main.dir/home/bartosz/pico/pico-sdk/src/rp2_common/pico_mem_ops/mem_ops_aeabi.S.obj
 .ARM.attributes
                0x0000000000000544       0x22 CMakeFiles/main.dir/home/bartosz/pico/pico-sdk/src/rp2_common/pico_standard_link/crt0.S.obj
 .ARM.attributes
                0x0000000000000566       0x32 CMakeFiles/main.dir/home/bartosz/pico/pico-sdk/src/rp2_common/pico_standard_link/binary_info.c.obj
 .ARM.attributes
                0x0000000000000598       0x2c CMakeFiles/main.dir/home/bartosz/pico/pico-sdk/src/rp2_common/pico_stdio/stdio.c.obj
 .ARM.attributes
                0x00000000000005c4       0x2c CMakeFiles/main.dir/home/bartosz/pico/pico-sdk/src/rp2_common/pico_stdio_uart/stdio_uart.c.obj
 .ARM.attributes
                0x00000000000005f0       0x2c CMakeFiles/main.dir/home/bartosz/pico/pico-sdk/src/rp2_common/hardware_i2c/i2c.c.obj
 .ARM.attributes
                0x000000000000061c       0x2c CMakeFiles/main.dir/home/bartosz/pico/pico-sdk/lib/tinyusb/src/portable/raspberrypi/rp2040/dcd_rp2040.c.obj
 .ARM.attributes
                0x0000000000000648       0x2c CMakeFiles/main.dir/home/bartosz/pico/pico-sdk/lib/tinyusb/src/portable/raspberrypi/rp2040/rp2040_usb.c.obj
 .ARM.attributes
                0x0000000000000674       0x2c CMakeFiles/main.dir/home/bartosz/pico/pico-sdk/lib/tinyusb/src/device/usbd.c.obj
 .ARM.attributes
                0x00000000000006a0       0x2c CMakeFiles/main.dir/home/bartosz/pico/pico-sdk/lib/tinyusb/src/device/usbd_control.c.obj
 .ARM.attributes
                0x00000000000006cc       0x2c CMakeFiles/main.dir/home/bartosz/pico/pico-sdk/lib/tinyusb/src/class/midi/midi_device.c.obj
 .ARM.attributes
                0x00000000000006f8       0x2c CMakeFiles/main.dir/home/bartosz/pico/pico-sdk/lib/tinyusb/src/tusb.c.obj
 .ARM.attributes
                0x0000000000000724       0x2c CMakeFiles/main.dir/home/bartosz/pico/pico-sdk/lib/tinyusb/src/common/tusb_fifo.c.obj
 .ARM.attributes
                0x0000000000000750       0x2c CMakeFiles/main.dir/home/bartosz/pico/pico-sdk/lib/tinyusb/hw/bsp/rp2040/family.c.obj
 .ARM.attributes
                0x000000000000077c       0x2c freertos/libfreertos.a(queue.c.obj)
 .ARM.attributes
                0x00000000000007a8       0x2c freertos/libfreertos.a(tasks.c.obj)
 .ARM.attributes
                0x00000000000007d4       0x2c freertos/libfreertos.a(timers.c.obj)
 .ARM.attributes
                0x0000000000000800       0x2c freertos/libfreertos.a(heap_3.c.obj)
 .ARM.attributes
                0x000000000000082c       0x2c freertos/libfreertos.a(port.c.obj)
 .ARM.attributes
                0x0000000000000858       0x2c freertos/libfreertos.a(list.c.obj)
 .ARM.attributes
                0x0000000000000884       0x2c components/controls/libcontrols.a(controls.c.obj)
 .ARM.attributes
                0x00000000000008b0       0x2c components/lcd/liblcd.a(lcd.c.obj)
 .ARM.attributes
                0x00000000000008dc       0x2c components/midi_usb/libmidi_usb.a(midi_usb.c.obj)
 .ARM.attributes
                0x0000000000000908       0x2c components/midi_usb/libmidi_usb.a(usb_descriptors.c.obj)
 .ARM.attributes
                0x0000000000000934       0x22 /tmp/ccUofhH0.o
 .ARM.attributes
                0x0000000000000956       0x1e /usr/lib/gcc/arm-none-eabi/10.3.1/thumb/v6-m/nofp/libgcc.a(_dvmd_tls.o)
 .ARM.attributes
                0x0000000000000974       0x2c /usr/lib/gcc/arm-none-eabi/10.3.1/../../../arm-none-eabi/lib/thumb/v6-m/nofp/libc.a(lib_a-impure.o)
 .ARM.attributes
                0x00000000000009a0       0x2c /usr/lib/gcc/arm-none-eabi/10.3.1/../../../arm-none-eabi/lib/thumb/v6-m/nofp/libc.a(lib_a-itoa.o)
 .ARM.attributes
                0x00000000000009cc       0x2c /usr/lib/gcc/arm-none-eabi/10.3.1/../../../arm-none-eabi/lib/thumb/v6-m/nofp/libc.a(lib_a-malloc.o)
 .ARM.attributes
                0x00000000000009f8       0x2c /usr/lib/gcc/arm-none-eabi/10.3.1/../../../arm-none-eabi/lib/thumb/v6-m/nofp/libc.a(lib_a-mallocr.o)
 .ARM.attributes
                0x0000000000000a24       0x2c /usr/lib/gcc/arm-none-eabi/10.3.1/../../../arm-none-eabi/lib/thumb/v6-m/nofp/libc.a(lib_a-mlock.o)
 .ARM.attributes
                0x0000000000000a50       0x2c /usr/lib/gcc/arm-none-eabi/10.3.1/../../../arm-none-eabi/lib/thumb/v6-m/nofp/libc.a(lib_a-sbrkr.o)
 .ARM.attributes
                0x0000000000000a7c       0x2c /usr/lib/gcc/arm-none-eabi/10.3.1/../../../arm-none-eabi/lib/thumb/v6-m/nofp/libc.a(lib_a-strlen-stub.o)
 .ARM.attributes
                0x0000000000000aa8       0x2c /usr/lib/gcc/arm-none-eabi/10.3.1/../../../arm-none-eabi/lib/thumb/v6-m/nofp/libc.a(lib_a-utoa.o)
 .ARM.attributes
                0x0000000000000ad4       0x2c /usr/lib/gcc/arm-none-eabi/10.3.1/../../../arm-none-eabi/lib/thumb/v6-m/nofp/libc.a(lib_a-freer.o)
 .ARM.attributes
                0x0000000000000b00       0x2c /usr/lib/gcc/arm-none-eabi/10.3.1/../../../arm-none-eabi/lib/thumb/v6-m/nofp/libc.a(lib_a-reent.o)
 .ARM.attributes
                0x0000000000000b2c       0x2c /usr/lib/gcc/arm-none-eabi/10.3.1/thumb/v6-m/nofp/crtend.o

.comment        0x0000000000000000       0x33
 .comment       0x0000000000000000       0x33 /usr/lib/gcc/arm-none-eabi/10.3.1/thumb/v6-m/nofp/crtbegin.o
                                         0x34 (size before relaxing)
 .comment       0x0000000000000033       0x34 CMakeFiles/main.dir/main.c.obj
 .comment       0x0000000000000033       0x34 CMakeFiles/main.dir/home/bartosz/pico/pico-sdk/src/rp2_common/hardware_gpio/gpio.c.obj
 .comment       0x0000000000000033       0x34 CMakeFiles/main.dir/home/bartosz/pico/pico-sdk/src/rp2_common/hardware_claim/claim.c.obj
 .comment       0x0000000000000033       0x34 CMakeFiles/main.dir/home/bartosz/pico/pico-sdk/src/rp2_common/pico_platform/platform.c.obj
 .comment       0x0000000000000033       0x34 CMakeFiles/main.dir/home/bartosz/pico/pico-sdk/src/rp2_common/hardware_sync/sync.c.obj
 .comment       0x0000000000000033       0x34 CMakeFiles/main.dir/home/bartosz/pico/pico-sdk/src/rp2_common/hardware_irq/irq.c.obj
 .comment       0x0000000000000033       0x34 CMakeFiles/main.dir/home/bartosz/pico/pico-sdk/src/common/pico_sync/lock_core.c.obj
 .comment       0x0000000000000033       0x34 CMakeFiles/main.dir/home/bartosz/pico/pico-sdk/src/common/pico_time/time.c.obj
 .comment       0x0000000000000033       0x34 CMakeFiles/main.dir/home/bartosz/pico/pico-sdk/src/rp2_common/hardware_timer/timer.c.obj
 .comment       0x0000000000000033       0x34 CMakeFiles/main.dir/home/bartosz/pico/pico-sdk/src/common/pico_util/pheap.c.obj
 .comment       0x0000000000000033       0x34 CMakeFiles/main.dir/home/bartosz/pico/pico-sdk/src/common/pico_sync/mutex.c.obj
 .comment       0x0000000000000033       0x34 CMakeFiles/main.dir/home/bartosz/pico/pico-sdk/src/rp2_common/hardware_uart/uart.c.obj
 .comment       0x0000000000000033       0x34 CMakeFiles/main.dir/home/bartosz/pico/pico-sdk/src/rp2_common/pico_runtime/runtime.c.obj
 .comment       0x0000000000000033       0x34 CMakeFiles/main.dir/home/bartosz/pico/pico-sdk/src/rp2_common/hardware_clocks/clocks.c.obj
 .comment       0x0000000000000033       0x34 CMakeFiles/main.dir/home/bartosz/pico/pico-sdk/src/rp2_common/hardware_pll/pll.c.obj
 .comment       0x0000000000000033       0x34 CMakeFiles/main.dir/home/bartosz/pico/pico-sdk/src/rp2_common/hardware_watchdog/watchdog.c.obj
 .comment       0x0000000000000033       0x34 CMakeFiles/main.dir/home/bartosz/pico/pico-sdk/src/rp2_common/hardware_xosc/xosc.c.obj
 .comment       0x0000000000000033       0x34 CMakeFiles/main.dir/home/bartosz/pico/pico-sdk/src/rp2_common/pico_printf/printf.c.obj
 .comment       0x0000000000000033       0x34 CMakeFiles/main.dir/home/bartosz/pico/pico-sdk/src/rp2_common/pico_bootrom/bootrom.c.obj
 .comment       0x0000000000000033       0x34 CMakeFiles/main.dir/home/bartosz/pico/pico-sdk/src/rp2_common/pico_double/double_init_rom.c.obj
 .comment       0x0000000000000033       0x34 CMakeFiles/main.dir/home/bartosz/pico/pico-sdk/src/rp2_common/pico_float/float_init_rom.c.obj
 .comment       0x0000000000000033       0x34 CMakeFiles/main.dir/home/bartosz/pico/pico-sdk/src/rp2_common/pico_malloc/pico_malloc.c.obj
 .comment       0x0000000000000033       0x34 CMakeFiles/main.dir/home/bartosz/pico/pico-sdk/src/rp2_common/pico_standard_link/binary_info.c.obj
 .comment       0x0000000000000033       0x34 CMakeFiles/main.dir/home/bartosz/pico/pico-sdk/src/rp2_common/pico_stdio/stdio.c.obj
 .comment       0x0000000000000033       0x34 CMakeFiles/main.dir/home/bartosz/pico/pico-sdk/src/rp2_common/pico_stdio_uart/stdio_uart.c.obj
 .comment       0x0000000000000033       0x34 CMakeFiles/main.dir/home/bartosz/pico/pico-sdk/src/rp2_common/hardware_i2c/i2c.c.obj
 .comment       0x0000000000000033       0x34 CMakeFiles/main.dir/home/bartosz/pico/pico-sdk/lib/tinyusb/src/portable/raspberrypi/rp2040/dcd_rp2040.c.obj
 .comment       0x0000000000000033       0x34 CMakeFiles/main.dir/home/bartosz/pico/pico-sdk/lib/tinyusb/src/portable/raspberrypi/rp2040/rp2040_usb.c.obj
 .comment       0x0000000000000033       0x34 CMakeFiles/main.dir/home/bartosz/pico/pico-sdk/lib/tinyusb/src/device/usbd.c.obj
 .comment       0x0000000000000033       0x34 CMakeFiles/main.dir/home/bartosz/pico/pico-sdk/lib/tinyusb/src/device/usbd_control.c.obj
 .comment       0x0000000000000033       0x34 CMakeFiles/main.dir/home/bartosz/pico/pico-sdk/lib/tinyusb/src/class/midi/midi_device.c.obj
 .comment       0x0000000000000033       0x34 CMakeFiles/main.dir/home/bartosz/pico/pico-sdk/lib/tinyusb/src/tusb.c.obj
 .comment       0x0000000000000033       0x34 CMakeFiles/main.dir/home/bartosz/pico/pico-sdk/lib/tinyusb/src/common/tusb_fifo.c.obj
 .comment       0x0000000000000033       0x34 CMakeFiles/main.dir/home/bartosz/pico/pico-sdk/lib/tinyusb/hw/bsp/rp2040/family.c.obj
 .comment       0x0000000000000033       0x34 freertos/libfreertos.a(queue.c.obj)
 .comment       0x0000000000000033       0x34 freertos/libfreertos.a(tasks.c.obj)
 .comment       0x0000000000000033       0x34 freertos/libfreertos.a(timers.c.obj)
 .comment       0x0000000000000033       0x34 freertos/libfreertos.a(heap_3.c.obj)
 .comment       0x0000000000000033       0x34 freertos/libfreertos.a(port.c.obj)
 .comment       0x0000000000000033       0x34 freertos/libfreertos.a(list.c.obj)
 .comment       0x0000000000000033       0x34 components/controls/libcontrols.a(controls.c.obj)
 .comment       0x0000000000000033       0x34 components/lcd/liblcd.a(lcd.c.obj)
 .comment       0x0000000000000033       0x34 components/midi_usb/libmidi_usb.a(midi_usb.c.obj)
 .comment       0x0000000000000033       0x34 components/midi_usb/libmidi_usb.a(usb_descriptors.c.obj)
 .comment       0x0000000000000033       0x34 /usr/lib/gcc/arm-none-eabi/10.3.1/../../../arm-none-eabi/lib/thumb/v6-m/nofp/libc.a(lib_a-impure.o)
 .comment       0x0000000000000033       0x34 /usr/lib/gcc/arm-none-eabi/10.3.1/../../../arm-none-eabi/lib/thumb/v6-m/nofp/libc.a(lib_a-itoa.o)
 .comment       0x0000000000000033       0x34 /usr/lib/gcc/arm-none-eabi/10.3.1/../../../arm-none-eabi/lib/thumb/v6-m/nofp/libc.a(lib_a-malloc.o)
 .comment       0x0000000000000033       0x34 /usr/lib/gcc/arm-none-eabi/10.3.1/../../../arm-none-eabi/lib/thumb/v6-m/nofp/libc.a(lib_a-mallocr.o)
 .comment       0x0000000000000033       0x34 /usr/lib/gcc/arm-none-eabi/10.3.1/../../../arm-none-eabi/lib/thumb/v6-m/nofp/libc.a(lib_a-mlock.o)
 .comment       0x0000000000000033       0x34 /usr/lib/gcc/arm-none-eabi/10.3.1/../../../arm-none-eabi/lib/thumb/v6-m/nofp/libc.a(lib_a-sbrkr.o)
 .comment       0x0000000000000033       0x34 /usr/lib/gcc/arm-none-eabi/10.3.1/../../../arm-none-eabi/lib/thumb/v6-m/nofp/libc.a(lib_a-strlen-stub.o)
 .comment       0x0000000000000033       0x34 /usr/lib/gcc/arm-none-eabi/10.3.1/../../../arm-none-eabi/lib/thumb/v6-m/nofp/libc.a(lib_a-utoa.o)
 .comment       0x0000000000000033       0x34 /usr/lib/gcc/arm-none-eabi/10.3.1/../../../arm-none-eabi/lib/thumb/v6-m/nofp/libc.a(lib_a-freer.o)
 .comment       0x0000000000000033       0x34 /usr/lib/gcc/arm-none-eabi/10.3.1/../../../arm-none-eabi/lib/thumb/v6-m/nofp/libc.a(lib_a-reent.o)
 .comment       0x0000000000000033       0x34 /usr/lib/gcc/arm-none-eabi/10.3.1/thumb/v6-m/nofp/crtend.o

.debug_line     0x0000000000000000     0x19fb
 .debug_line    0x0000000000000000       0x60 /usr/lib/gcc/arm-none-eabi/10.3.1/thumb/v6-m/nofp/libgcc.a(_dvmd_tls.o)
 .debug_line    0x0000000000000060       0xe4 /usr/lib/gcc/arm-none-eabi/10.3.1/../../../arm-none-eabi/lib/thumb/v6-m/nofp/libc.a(lib_a-impure.o)
 .debug_line    0x0000000000000144      0x184 /usr/lib/gcc/arm-none-eabi/10.3.1/../../../arm-none-eabi/lib/thumb/v6-m/nofp/libc.a(lib_a-itoa.o)
 .debug_line    0x00000000000002c8      0x165 /usr/lib/gcc/arm-none-eabi/10.3.1/../../../arm-none-eabi/lib/thumb/v6-m/nofp/libc.a(lib_a-malloc.o)